2026-09-06 21:34:34.899 | INFO    | src.core:run_sign_in:57 - ============================================================
2026-09-06 21:34:34.899 | INFO    | src.core:run_sign_in:58 -                           定位打卡
2026-09-06 21:34:34.899 | INFO    | src.core:run_sign_in:59 - ============================================================
2026-09-06 21:34:34.899 | DEBUG   | src.client:validate_cookies:122 - 开始校验 Cookie...
2026-09-06 21:34:36.918 | WARNING | src.client:validate_cookies:150 - Cookie 校验失败: 检测到未登录或跳转。特征: passport2.chaoxing.com=False, login_keyword=True
2026-09-06 21:34:36.918 | DEBUG   | src.client:validate_cookies:152 - 跳转/未登录响应内容预览 (前1000字符): <!doctype html>
<html>
<head>
    <meta name="viewport" content="width=device-width, initial-scale=1,maximum-scale=1, user-scalable=no"/>
    <meta http-equiv="pragma" content="no-cache"/>
    <meta http-equiv="cache-control" content="no-cache"/>
    <meta http-equiv="expires" content="0"/>
    <meta charset="utf-8">
    <title>登录</title>
    <link href="https://passport2-static.chaoxing.com/css/fanya/mobile/common.css?v=4" rel="stylesheet">
    <link href="https://passport2-static.chaoxing.com/css/fanya/mobile/style.css?v=5" rel="stylesheet">
    <link href="https://passport2-static.chaoxing.com/css/fanya/mobile/login-type.css?v=8" rel="stylesheet">
    <script src="https://passport2-static.chaoxing.com/js/common/commonUtil.js?v=20260128"></script>
    <script src="https://passport2-static.chaoxing.com/js/jquery.min.js" type="text/javascript"></script>
    <script src="https://passport2-static.chaoxing.com/js/fanya/mobile/ratio.js" type="text/javascript"></script>
    <
2026-09-06 21:34:36.920 | WARNING | src.client:_ensure_authenticated_session:293 - Cookie 不存在或已过期，需要重新登录。
2026-09-06 21:34:36.920 | INFO    | src.client:login_chaoxing:185 - 正在发送登录请求...
2026-09-06 21:34:37.622 | SUCCESS | src.client:login_chaoxing:191 - 登录成功！
2026-09-06 21:34:37.623 | SUCCESS | src.client:save_cookies:209 - Cookie 已成功保存至: /home/runner/work/cx-hubstc-sign/cx-hubstc-sign/configs/lyj/cookies.txt
2026-09-06 21:34:37.623 | SUCCESS | src.client:_ensure_authenticated_session:311 - 成功加载有效 Cookie。UID: 419769862
2026-09-06 21:34:39.291 | INFO    | src.client:fetch_mobile_version:111 - 动态获取到 mobile 页面版本: 6d3adf398
2026-09-06 21:34:39.293 | INFO    | src.client:_exchange_erm_token:321 - 正在交换机构 Token (ermLogin)...
2026-09-06 21:34:39.979 | DEBUG   | src.client:log_http_details:43 - === HTTP Request Details ===
2026-09-06 21:34:39.979 | DEBUG   | src.client:log_http_details:44 - Method: GET | URL: https://hbkjzy.qmx.chaoxing.com/pedestal/user/ermLogin
2026-09-06 21:34:39.980 | DEBUG   | src.client:log_http_details:46 - Request Headers: {'User-Agent': 'Mozilla/5.0 (iPhone; CPU iPhone OS 18_7_7 like Mac OS X) AppleWebKit/605.1.15 (KHTML, like Gecko) Mobile/15E148 (schild:c69a8a0f7107e385cfaa3a45194f99ef) (device:iPhone13,2) Language/zh-Hant com.ssreader.ChaoXingStudy/ChaoXingStudy_3_6.7.3_ios_phone_202602111700_314 (@Kalimdor)_14898949611323310882', 'Accept': 'application/json, text/plain, */*', 'Accept-Language': 'zh-CN,zh-Hans;q=0.9', 'Accept-Encoding': 'gzip, deflate, br', 'Connection': 'keep-alive', 'Referer': 'https://hbkjzy.qmx.chaoxing.com/mobile/?v=6d3adf398'}
2026-09-06 21:34:39.980 | DEBUG   | src.client:log_http_details:51 - === HTTP Response Details ===
2026-09-06 21:34:39.980 | DEBUG   | src.client:log_http_details:52 - Status Code: 200
2026-09-06 21:34:39.980 | DEBUG   | src.client:log_http_details:53 - Response Headers: {'Date': 'Sun, 06 Sep 2026 13:34:39 GMT', 'Content-Type': 'application/json', 'Transfer-Encoding': 'chunked', 'Connection': 'keep-alive', 'Vary': 'Origin, Access-Control-Request-Method, Access-Control-Request-Headers', 'X-Content-Type-Options': 'nosniff', 'X-XSS-Protection': '1; mode=block', 'Cache-Control': 'no-cache, no-store, max-age=0, must-revalidate', 'Pragma': 'no-cache', 'Expires': '0', 'Set-Cookie': 'route=27412792042a09c46b1f953f0e7f7471; Path=/'}
2026-09-06 21:34:39.980 | DEBUG   | src.client:log_http_details:54 - Response Body: {"success":true,"code":20000,"message":"成功","data":{"token":"eyJhbGciOiJIUzUxMiJ9.eyJsb2dpbl91c2VyX2tleSI6Ijg0Y2JmMzU0LWYxZWYtNDNkMi05MWI2LWFiYjc1OGM5NDUyMCJ9.71wze6Tqy84tR-yR2pTEjxAMmLKvdbXAkMD43xo6JjV8Yhfw6VPP52fO653rNYPOZUk76JWkLsR98idNSK_Otg"}}
2026-09-06 21:34:39.980 | DEBUG   | src.client:log_http_details:55 - =============================
2026-09-06 21:34:39.980 | SUCCESS | src.client:_exchange_erm_token:341 - 成功获取 Token: eyJhbGciOiJIUzU...
2026-09-06 21:34:39.980 | INFO    | src.client:_get_student_role:353 - 正在获取学生角色信息 (getInfox)...
2026-09-06 21:34:40.198 | SUCCESS | src.client:_get_student_role:368 - 成功获取当前角色 ID: 155a0ece786076b6266718e381c29086
2026-09-06 21:34:40.198 | INFO    | src.client:_fetch_sign_metadata:381 - 正在拉取签到批次与规则数据...
2026-09-06 21:34:40.401 | DEBUG   | src.client:log_http_details:43 - === HTTP Request Details ===
2026-09-06 21:34:40.401 | DEBUG   | src.client:log_http_details:44 - Method: GET | URL: https://hbkjzy.qmx.chaoxing.com/housemaster/sg/roomCheckPunch/getStudentInfo?cqfs=1
2026-09-06 21:34:40.401 | DEBUG   | src.client:log_http_details:46 - Request Headers: {'User-Agent': 'Mozilla/5.0 (iPhone; CPU iPhone OS 18_7_7 like Mac OS X) AppleWebKit/605.1.15 (KHTML, like Gecko) Mobile/15E148 (schild:c69a8a0f7107e385cfaa3a45194f99ef) (device:iPhone13,2) Language/zh-Hant com.ssreader.ChaoXingStudy/ChaoXingStudy_3_6.7.3_ios_phone_202602111700_314 (@Kalimdor)_14898949611323310882', 'Accept': 'application/json, text/plain, */*', 'Accept-Language': 'zh-CN,zh-Hans;q=0.9', 'Accept-Encoding': 'gzip, deflate, br', 'Connection': 'keep-alive', 'Referer': 'https://hbkjzy.qmx.chaoxing.com/mobile/?v=6d3adf398'}
2026-09-06 21:34:40.401 | DEBUG   | src.client:log_http_details:51 - === HTTP Response Details ===
2026-09-06 21:34:40.401 | DEBUG   | src.client:log_http_details:52 - Status Code: 200
2026-09-06 21:34:40.402 | DEBUG   | src.client:log_http_details:53 - Response Headers: {'Date': 'Sun, 06 Sep 2026 13:34:40 GMT', 'Content-Type': 'application/json', 'Transfer-Encoding': 'chunked', 'Connection': 'keep-alive', 'Vary': 'Origin, Access-Control-Request-Method, Access-Control-Request-Headers', 'X-Content-Type-Options': 'nosniff', 'X-XSS-Protection': '1; mode=block', 'Cache-Control': 'no-cache, no-store, max-age=0, must-revalidate', 'Pragma': 'no-cache', 'Expires': '0', 'Set-Cookie': 'route=2a61e665498e6233d91aea047d92dc42; Path=/'}
2026-09-06 21:34:40.402 | DEBUG   | src.client:log_http_details:54 - Response Body: {"success":true,"code":20000,"message":"成功","data":{"result":{"cqrq":"2026-09-06","sj":"2026-09-06 21:34:05","pcId":"8cb0c35b49244a2ab412eaadc7d41b87","jg":"1"}}}
2026-09-06 21:34:40.402 | DEBUG   | src.client:log_http_details:55 - =============================
2026-09-06 21:34:40.402 | INFO    | src.client:_fetch_sign_metadata:406 - 当前没有处于活动状态的签到批次。
2026-09-06 21:34:40.402 | INFO    | src.client:_fetch_sign_metadata:409 - 提示: 今日已签到状态为: 1 (时间: 2026-09-06 21:34:05)
2026-09-06 21:34:42.973 | DEBUG   | src.client:log_http_details:43 - === HTTP Request Details ===
2026-09-06 21:34:42.973 | DEBUG   | src.client:log_http_details:44 - Method: GET | URL: https://api.weixin.qq.com/cgi-bin/token?grant_type=client_credential&appid=wx2aae0401b2d24931&secret=447916ef9efbef70867646f78ae9dd07
2026-09-06 21:34:42.973 | DEBUG   | src.client:log_http_details:51 - === HTTP Response Details ===
2026-09-06 21:34:42.973 | DEBUG   | src.client:log_http_details:52 - Status Code: 200
2026-09-06 21:34:42.973 | DEBUG   | src.client:log_http_details:53 - Response Headers: {'Connection': 'keep-alive', 'Content-Type': 'application/json; encoding=utf-8', 'Date': 'Sun, 06 Sep 2026 13:34:42 GMT', 'Content-Length': '174'}
2026-09-06 21:34:42.973 | DEBUG   | src.client:log_http_details:54 - Response Body: {"access_token":"107_eVDOeR-5OljOiZgUZRIDXSXxlbf2JrPcNBol3YsIcjfZh8xE74JhKo9wXLtukg7iM4lOZtWQoETbvlwSU5bFZd-8jjB2nFYyb4id2p8stc37O7CEQaOfb_BN4gcQWZeAFAYEH","expires_in":7200}
2026-09-06 21:34:42.973 | DEBUG   | src.client:log_http_details:55 - =============================
2026-09-06 21:34:44.111 | DEBUG   | src.client:log_http_details:43 - === HTTP Request Details ===
2026-09-06 21:34:44.111 | DEBUG   | src.client:log_http_details:44 - Method: POST | URL: https://api.weixin.qq.com/cgi-bin/message/template/send?access_token=107_eVDOeR-5OljOiZgUZRIDXSXxlbf2JrPcNBol3YsIcjfZh8xE74JhKo9wXLtukg7iM4lOZtWQoETbvlwSU5bFZd-8jjB2nFYyb4id2p8stc37O7CEQaOfb_BN4gcQWZeAFAYEH
2026-09-06 21:34:44.111 | DEBUG   | src.client:log_http_details:48 - Request Body: {'touser': 'o7iqgvsMxgHw_cxRbMuNBZMiGdow', 'template_id': 'DSDf1Qnt2to66t3epzCs5bHjm5czjM3gcWxn1Ujxx_s', 'data': {'content': {'value': '今日已签到', 'color': '#173177'}, 'status': {'value': '成功 (时间: 2026-09-06 21:34:05)', 'color': '#173177'}}}
2026-09-06 21:34:44.111 | DEBUG   | src.client:log_http_details:51 - === HTTP Response Details ===
2026-09-06 21:34:44.111 | DEBUG   | src.client:log_http_details:52 - Status Code: 200
2026-09-06 21:34:44.111 | DEBUG   | src.client:log_http_details:53 - Response Headers: {'Connection': 'keep-alive', 'Content-Type': 'application/json; encoding=utf-8', 'Date': 'Sun, 06 Sep 2026 13:34:44 GMT', 'Content-Length': '55'}
2026-09-06 21:34:44.111 | DEBUG   | src.client:log_http_details:54 - Response Body: {"errcode":0,"errmsg":"ok","msgid":4682678904921210882}
2026-09-06 21:34:44.111 | DEBUG   | src.client:log_http_details:55 - =============================
2026-09-06 21:34:44.111 | SUCCESS | src.notifier:send_wechat_notification:86 - 微信测试号模板消息推送成功
