2026-06-26 21:30:42.534 | INFO    | src.core:run_sign_in:57 - ============================================================
2026-06-26 21:30:42.534 | INFO    | src.core:run_sign_in:58 -                           定位打卡
2026-06-26 21:30:42.535 | INFO    | src.core:run_sign_in:59 - ============================================================
2026-06-26 21:30:42.535 | DEBUG   | src.client:validate_cookies:122 - 开始校验 Cookie...
2026-06-26 21:30:45.390 | WARNING | src.client:validate_cookies:150 - Cookie 校验失败: 检测到未登录或跳转。特征: passport2.chaoxing.com=False, login_keyword=True
2026-06-26 21:30:45.390 | DEBUG   | src.client:validate_cookies:152 - 跳转/未登录响应内容预览 (前1000字符): <!doctype html>
<html>
<head>
    <meta name="viewport" content="width=device-width, initial-scale=1,maximum-scale=1, user-scalable=no"/>
    <meta http-equiv="pragma" content="no-cache"/>
    <meta http-equiv="cache-control" content="no-cache"/>
    <meta http-equiv="expires" content="0"/>
    <meta charset="utf-8">
    <title>登录</title>
    <link href="https://passport2-static.chaoxing.com/css/fanya/mobile/common.css?v=4" rel="stylesheet">
    <link href="https://passport2-static.chaoxing.com/css/fanya/mobile/style.css?v=5" rel="stylesheet">
    <link href="https://passport2-static.chaoxing.com/css/fanya/mobile/login-type.css?v=8" rel="stylesheet">
    <script src="https://passport2-static.chaoxing.com/js/common/commonUtil.js?v=20260128"></script>
    <script src="https://passport2-static.chaoxing.com/js/jquery.min.js" type="text/javascript"></script>
    <script src="https://passport2-static.chaoxing.com/js/fanya/mobile/ratio.js" type="text/javascript"></script>
    <
2026-06-26 21:30:45.391 | WARNING | src.client:_ensure_authenticated_session:293 - Cookie 不存在或已过期，需要重新登录。
2026-06-26 21:30:45.392 | INFO    | src.client:login_chaoxing:185 - 正在发送登录请求...
2026-06-26 21:30:46.264 | SUCCESS | src.client:login_chaoxing:191 - 登录成功！
2026-06-26 21:30:46.264 | SUCCESS | src.client:save_cookies:209 - Cookie 已成功保存至: /home/runner/work/cx-hubstc-sign/cx-hubstc-sign/configs/lyj/cookies.txt
2026-06-26 21:30:46.264 | SUCCESS | src.client:_ensure_authenticated_session:311 - 成功加载有效 Cookie。UID: 419769862
2026-06-26 21:30:50.174 | INFO    | src.client:fetch_mobile_version:111 - 动态获取到 mobile 页面版本: 803422dd2
2026-06-26 21:30:50.176 | INFO    | src.client:_exchange_erm_token:321 - 正在交换机构 Token (ermLogin)...
2026-06-26 21:30:51.421 | DEBUG   | src.client:log_http_details:43 - === HTTP Request Details ===
2026-06-26 21:30:51.421 | DEBUG   | src.client:log_http_details:44 - Method: GET | URL: https://hbkjzy.qmx.chaoxing.com/pedestal/user/ermLogin
2026-06-26 21:30:51.421 | DEBUG   | src.client:log_http_details:46 - Request Headers: {'User-Agent': 'Mozilla/5.0 (iPhone; CPU iPhone OS 18_7_7 like Mac OS X) AppleWebKit/605.1.15 (KHTML, like Gecko) Mobile/15E148 (schild:c69a8a0f7107e385cfaa3a45194f99ef) (device:iPhone13,2) Language/zh-Hant com.ssreader.ChaoXingStudy/ChaoXingStudy_3_6.7.3_ios_phone_202602111700_314 (@Kalimdor)_14898949611323310882', 'Accept': 'application/json, text/plain, */*', 'Accept-Language': 'zh-CN,zh-Hans;q=0.9', 'Accept-Encoding': 'gzip, deflate, br', 'Connection': 'keep-alive', 'Referer': 'https://hbkjzy.qmx.chaoxing.com/mobile/?v=803422dd2'}
2026-06-26 21:30:51.421 | DEBUG   | src.client:log_http_details:51 - === HTTP Response Details ===
2026-06-26 21:30:51.421 | DEBUG   | src.client:log_http_details:52 - Status Code: 200
2026-06-26 21:30:51.421 | DEBUG   | src.client:log_http_details:53 - Response Headers: {'Date': 'Fri, 26 Jun 2026 13:30:51 GMT', 'Content-Type': 'application/json', 'Transfer-Encoding': 'chunked', 'Connection': 'keep-alive', 'Vary': 'Origin, Access-Control-Request-Method, Access-Control-Request-Headers', 'X-Content-Type-Options': 'nosniff', 'X-XSS-Protection': '1; mode=block', 'Cache-Control': 'no-cache, no-store, max-age=0, must-revalidate', 'Pragma': 'no-cache', 'Expires': '0', 'Set-Cookie': 'route=6a9e049ebbda358351474b555429a5f6; Path=/'}
2026-06-26 21:30:51.421 | DEBUG   | src.client:log_http_details:54 - Response Body: {"success":true,"code":20000,"message":"成功","data":{"token":"eyJhbGciOiJIUzUxMiJ9.eyJsb2dpbl91c2VyX2tleSI6ImY2Njk4M2UwLWViODItNDYzNC05YmY4LTRlZDFkMmJmM2JmNCJ9.OYncOeqv8rxSuYguSR_Q8mo5OgaLEdtEStFaUxJa2y2VOO_1QhcimSem9IWvlmQgSUngNluOaq185yCc91Ixag"}}
2026-06-26 21:30:51.421 | DEBUG   | src.client:log_http_details:55 - =============================
2026-06-26 21:30:51.421 | SUCCESS | src.client:_exchange_erm_token:341 - 成功获取 Token: eyJhbGciOiJIUzU...
2026-06-26 21:30:51.422 | INFO    | src.client:_get_student_role:353 - 正在获取学生角色信息 (getInfox)...
2026-06-26 21:30:51.716 | SUCCESS | src.client:_get_student_role:368 - 成功获取当前角色 ID: 155a0ece786076b6266718e381c29086
2026-06-26 21:30:51.716 | INFO    | src.client:_fetch_sign_metadata:381 - 正在拉取签到批次与规则数据...
2026-06-26 21:30:53.128 | DEBUG   | src.client:log_http_details:43 - === HTTP Request Details ===
2026-06-26 21:30:53.128 | DEBUG   | src.client:log_http_details:44 - Method: GET | URL: https://hbkjzy.qmx.chaoxing.com/housemaster/sg/roomCheckPunch/getStudentInfo?cqfs=1
2026-06-26 21:30:53.128 | DEBUG   | src.client:log_http_details:46 - Request Headers: {'User-Agent': 'Mozilla/5.0 (iPhone; CPU iPhone OS 18_7_7 like Mac OS X) AppleWebKit/605.1.15 (KHTML, like Gecko) Mobile/15E148 (schild:c69a8a0f7107e385cfaa3a45194f99ef) (device:iPhone13,2) Language/zh-Hant com.ssreader.ChaoXingStudy/ChaoXingStudy_3_6.7.3_ios_phone_202602111700_314 (@Kalimdor)_14898949611323310882', 'Accept': 'application/json, text/plain, */*', 'Accept-Language': 'zh-CN,zh-Hans;q=0.9', 'Accept-Encoding': 'gzip, deflate, br', 'Connection': 'keep-alive', 'Referer': 'https://hbkjzy.qmx.chaoxing.com/mobile/?v=803422dd2'}
2026-06-26 21:30:53.128 | DEBUG   | src.client:log_http_details:51 - === HTTP Response Details ===
2026-06-26 21:30:53.128 | DEBUG   | src.client:log_http_details:52 - Status Code: 200
2026-06-26 21:30:53.128 | DEBUG   | src.client:log_http_details:53 - Response Headers: {'Date': 'Fri, 26 Jun 2026 13:30:52 GMT', 'Content-Type': 'application/json', 'Transfer-Encoding': 'chunked', 'Connection': 'keep-alive', 'Vary': 'Origin, Access-Control-Request-Method, Access-Control-Request-Headers', 'X-Content-Type-Options': 'nosniff', 'X-XSS-Protection': '1; mode=block', 'Cache-Control': 'no-cache, no-store, max-age=0, must-revalidate', 'Pragma': 'no-cache', 'Expires': '0', 'Set-Cookie': 'route=b1c2a11131f3a8121257834d5d90d09a; Path=/'}
2026-06-26 21:30:53.128 | DEBUG   | src.client:log_http_details:54 - Response Body: {"success":false,"code":20001,"message":"今日无需打卡","data":{}}
2026-06-26 21:30:53.128 | DEBUG   | src.client:log_http_details:55 - =============================
2026-06-26 21:30:53.128 | INFO    | src.client:_fetch_sign_metadata:393 - 今日无需打卡
2026-06-26 21:30:53.915 | DEBUG   | src.client:log_http_details:43 - === HTTP Request Details ===
2026-06-26 21:30:53.915 | DEBUG   | src.client:log_http_details:44 - Method: GET | URL: https://api.weixin.qq.com/cgi-bin/token?grant_type=client_credential&appid=wx2aae0401b2d24931&secret=447916ef9efbef70867646f78ae9dd07
2026-06-26 21:30:53.915 | DEBUG   | src.client:log_http_details:51 - === HTTP Response Details ===
2026-06-26 21:30:53.915 | DEBUG   | src.client:log_http_details:52 - Status Code: 200
2026-06-26 21:30:53.915 | DEBUG   | src.client:log_http_details:53 - Response Headers: {'Connection': 'keep-alive', 'Content-Type': 'application/json; encoding=utf-8', 'Date': 'Fri, 26 Jun 2026 13:30:53 GMT', 'Content-Length': '174'}
2026-06-26 21:30:53.915 | DEBUG   | src.client:log_http_details:54 - Response Body: {"access_token":"105_nZXgRUG1IyZ1Lvxd9oflIvA-QzrqUrRQn0NE6N2sreaoab1djKYnvQDujq_aCFmc-llFdghOo4QHCxwPU0wtdMuHLwQEn_ZH1ww45OZWqe0vcKS5fsb2uNnNy_kYCXjAFAKOJ","expires_in":7200}
2026-06-26 21:30:53.915 | DEBUG   | src.client:log_http_details:55 - =============================
2026-06-26 21:30:55.219 | DEBUG   | src.client:log_http_details:43 - === HTTP Request Details ===
2026-06-26 21:30:55.219 | DEBUG   | src.client:log_http_details:44 - Method: POST | URL: https://api.weixin.qq.com/cgi-bin/message/template/send?access_token=105_nZXgRUG1IyZ1Lvxd9oflIvA-QzrqUrRQn0NE6N2sreaoab1djKYnvQDujq_aCFmc-llFdghOo4QHCxwPU0wtdMuHLwQEn_ZH1ww45OZWqe0vcKS5fsb2uNnNy_kYCXjAFAKOJ
2026-06-26 21:30:55.219 | DEBUG   | src.client:log_http_details:48 - Request Body: {'touser': 'o7iqgvsMxgHw_cxRbMuNBZMiGdow', 'template_id': 'xZbMQQlcZjKTxz3d6xo5Z6byKt3_DwWmy3Ad46yUAn4', 'data': {'content': {'value': '今日无需打卡', 'color': '#173177'}}}
2026-06-26 21:30:55.219 | DEBUG   | src.client:log_http_details:51 - === HTTP Response Details ===
2026-06-26 21:30:55.219 | DEBUG   | src.client:log_http_details:52 - Status Code: 200
2026-06-26 21:30:55.219 | DEBUG   | src.client:log_http_details:53 - Response Headers: {'Connection': 'keep-alive', 'Content-Type': 'application/json; encoding=utf-8', 'Date': 'Fri, 26 Jun 2026 13:30:55 GMT', 'Content-Length': '55'}
2026-06-26 21:30:55.219 | DEBUG   | src.client:log_http_details:54 - Response Body: {"errcode":0,"errmsg":"ok","msgid":4578307359206227968}
2026-06-26 21:30:55.219 | DEBUG   | src.client:log_http_details:55 - =============================
2026-06-26 21:30:55.219 | SUCCESS | src.notifier:send_wechat_notification:86 - 微信测试号模板消息推送成功
