2026-06-02 21:34:50.880 | INFO    | src.core:run_sign_in:57 - ============================================================
2026-06-02 21:34:50.880 | INFO    | src.core:run_sign_in:58 -                           定位打卡
2026-06-02 21:34:50.880 | INFO    | src.core:run_sign_in:59 - ============================================================
2026-06-02 21:34:50.881 | DEBUG   | src.client:validate_cookies:122 - 开始校验 Cookie...
2026-06-02 21:34:53.431 | SUCCESS | src.client:validate_cookies:147 - Cookie 校验成功: 用户处于登录状态
2026-06-02 21:34:53.432 | SUCCESS | src.client:_ensure_authenticated_session:311 - 成功加载有效 Cookie。UID: 419769862
2026-06-02 21:34:56.267 | INFO    | src.client:fetch_mobile_version:111 - 动态获取到 mobile 页面版本: 1758a137a
2026-06-02 21:34:56.269 | INFO    | src.client:_exchange_erm_token:321 - 正在交换机构 Token (ermLogin)...
2026-06-02 21:34:57.201 | DEBUG   | src.client:log_http_details:43 - === HTTP Request Details ===
2026-06-02 21:34:57.201 | DEBUG   | src.client:log_http_details:44 - Method: GET | URL: https://hbkjzy.qmx.chaoxing.com/pedestal/user/ermLogin
2026-06-02 21:34:57.201 | DEBUG   | src.client:log_http_details:46 - Request Headers: {'User-Agent': 'Mozilla/5.0 (iPhone; CPU iPhone OS 18_7_7 like Mac OS X) AppleWebKit/605.1.15 (KHTML, like Gecko) Mobile/15E148 (schild:c69a8a0f7107e385cfaa3a45194f99ef) (device:iPhone13,2) Language/zh-Hant com.ssreader.ChaoXingStudy/ChaoXingStudy_3_6.7.3_ios_phone_202602111700_314 (@Kalimdor)_14898949611323310882', 'Accept': 'application/json, text/plain, */*', 'Accept-Language': 'zh-CN,zh-Hans;q=0.9', 'Accept-Encoding': 'gzip, deflate, br', 'Connection': 'keep-alive', 'Referer': 'https://hbkjzy.qmx.chaoxing.com/mobile/?v=1758a137a'}
2026-06-02 21:34:57.201 | DEBUG   | src.client:log_http_details:51 - === HTTP Response Details ===
2026-06-02 21:34:57.201 | DEBUG   | src.client:log_http_details:52 - Status Code: 200
2026-06-02 21:34:57.201 | DEBUG   | src.client:log_http_details:53 - Response Headers: {'Date': 'Tue, 02 Jun 2026 13:34:57 GMT', 'Content-Type': 'application/json', 'Transfer-Encoding': 'chunked', 'Connection': 'keep-alive', 'Vary': 'Origin, Access-Control-Request-Method, Access-Control-Request-Headers', 'X-Content-Type-Options': 'nosniff', 'X-XSS-Protection': '1; mode=block', 'Cache-Control': 'no-cache, no-store, max-age=0, must-revalidate', 'Pragma': 'no-cache', 'Expires': '0', 'Set-Cookie': 'route=27412792042a09c46b1f953f0e7f7471; Path=/'}
2026-06-02 21:34:57.201 | DEBUG   | src.client:log_http_details:54 - Response Body: {"success":true,"code":20000,"message":"成功","data":{"token":"eyJhbGciOiJIUzUxMiJ9.eyJsb2dpbl91c2VyX2tleSI6IjhmOTRkNjkwLTczM2YtNDI3NS04MGE4LTdkZGMxNTIzYzdiNCJ9.pbRIFSpkIs5iWL0SFx9cvoXP7UfE3SKjpiCapTk5qkG7oe_R1_y3P3sZofaSb8DaPjipCPaIHpU-9VOaQPdv-A"}}
2026-06-02 21:34:57.201 | DEBUG   | src.client:log_http_details:55 - =============================
2026-06-02 21:34:57.201 | SUCCESS | src.client:_exchange_erm_token:341 - 成功获取 Token: eyJhbGciOiJIUzU...
2026-06-02 21:34:57.201 | INFO    | src.client:_get_student_role:353 - 正在获取学生角色信息 (getInfox)...
2026-06-02 21:34:57.480 | SUCCESS | src.client:_get_student_role:368 - 成功获取当前角色 ID: 4204d3304f78f805c890fa1b3eb10aa9
2026-06-02 21:34:57.480 | INFO    | src.client:_fetch_sign_metadata:381 - 正在拉取签到批次与规则数据...
2026-06-02 21:34:57.753 | DEBUG   | src.client:log_http_details:43 - === HTTP Request Details ===
2026-06-02 21:34:57.753 | DEBUG   | src.client:log_http_details:44 - Method: GET | URL: https://hbkjzy.qmx.chaoxing.com/housemaster/sg/roomCheckPunch/getStudentInfo?cqfs=1
2026-06-02 21:34:57.753 | DEBUG   | src.client:log_http_details:46 - Request Headers: {'User-Agent': 'Mozilla/5.0 (iPhone; CPU iPhone OS 18_7_7 like Mac OS X) AppleWebKit/605.1.15 (KHTML, like Gecko) Mobile/15E148 (schild:c69a8a0f7107e385cfaa3a45194f99ef) (device:iPhone13,2) Language/zh-Hant com.ssreader.ChaoXingStudy/ChaoXingStudy_3_6.7.3_ios_phone_202602111700_314 (@Kalimdor)_14898949611323310882', 'Accept': 'application/json, text/plain, */*', 'Accept-Language': 'zh-CN,zh-Hans;q=0.9', 'Accept-Encoding': 'gzip, deflate, br', 'Connection': 'keep-alive', 'Referer': 'https://hbkjzy.qmx.chaoxing.com/mobile/?v=1758a137a'}
2026-06-02 21:34:57.753 | DEBUG   | src.client:log_http_details:51 - === HTTP Response Details ===
2026-06-02 21:34:57.753 | DEBUG   | src.client:log_http_details:52 - Status Code: 200
2026-06-02 21:34:57.753 | DEBUG   | src.client:log_http_details:53 - Response Headers: {'Date': 'Tue, 02 Jun 2026 13:34:57 GMT', 'Content-Type': 'application/json', 'Transfer-Encoding': 'chunked', 'Connection': 'keep-alive', 'Vary': 'Origin, Access-Control-Request-Method, Access-Control-Request-Headers', 'X-Content-Type-Options': 'nosniff', 'X-XSS-Protection': '1; mode=block', 'Cache-Control': 'no-cache, no-store, max-age=0, must-revalidate', 'Pragma': 'no-cache', 'Expires': '0', 'Set-Cookie': 'route=2a61e665498e6233d91aea047d92dc42; Path=/'}
2026-06-02 21:34:57.753 | DEBUG   | src.client:log_http_details:54 - Response Body: {"success":true,"code":20000,"message":"成功","data":{"cqrq":"2026-06-02","batch":{"id":"6d9c8bdc3b3e418db60ad465946b2ff0","createBy":"d9c3a1c864db749dd78bff93f23705a2","createDate":"2025-11-20T08:45:23.000+00:00","updateBy":"f83460d5b03aa741cab878ec85e2d205","updateDate":"2026-05-27T09:54:08.000+00:00","unitId":"259233","pcmc":"全校查寝","xn":"2026-2027","xq":"0","cqfs":"1","bqfs":"1","qdwz":"[{\"name\":\"关山校区1\",\"lng\":114.41138545505815,\"lat\":30.477347181407705,\"range\":110,\"path\":[],\"zoom\":19},{\"name\":\"关山校区2\",\"lng\":114.41158083650657,\"lat\":30.475878496913726,\"range\":80,\"path\":[],\"zoom\":19},{\"name\":\"鲁巷校区\",\"lng\":114.40406722732595,\"lat\":30.50884745843614,\"range\":200,\"path\":[],\"zoom\":18}]","pzyq":"{\"status\":\"1\",\"rules\":[{\"checked\":true,\"name\":\"与舍友合照\"}],\"attchments\":[],\"faceThreshold\":\"\"}","pzyqTwo":null,"cqksrq":"2026-03-07","cqjsrq":"2026-07-15","mzcqr":"0,2,4","cqkssj":"21:30","cqjssj":"22:50","wgjssjlx":"0","wgjssj":"23:10","syfxsjlx":null,"syfxsj":null,"tscqrq":null,"ztcqrq":null,"ccrq":"","qjpdsz":"1","sdr":"1","sdsj":"08:00","sfqy":"1","tzjs":"5492ea31dc969ae16793c8b5006ab94c,9575c759be791015e1ebf7362c3f1d20,073caf34e813275da9d26ce6f88c83e5","tzfqr":"{\"puid\":\"434856210\",\"xm\":\"学校管理员\",\"id\":\"81c87cac65714121f3ea71b0cd522efc\",\"xmDlzh\":\"学校管理员(xxgly)\"}","sffh":"0","sfyxtsdk":"1","tsdkxz":"1","tsdksj":"{\"kssj\":\"21:30\",\"kssjlx\":\"0\",\"jssj\":\"23:00\",\"jssjlx\":\"0\"}","tsdknr":"{\"reasonRequired\":\"0\",\"reasonTips\":\"\",\"attachmentsRequired\":\"0\",\"attachmentsTips\":\"\",\"photoRequired\":\"1\",\"photoTips\":\"\",\"locationRequired\":\"1\",\"locationTips\":\"\"}","tsdksplc":"[{\"roleIds\":[\"5492ea31dc969ae16793c8b5006ab94c\"],\"sfjsshtz\":\"1\",\"id\":\"5492ea31dc969ae16793c8b5006ab94c\"}]","tsdktz":"{\"id\":\"5492ea31dc969ae16793c8b5006ab94c\",\"nr\":\"如不能正常打卡，有特殊情况，请及时和辅导员联系。\"}","sfxgcqjg":"1","cqjgsz":"1,2,3,0","cqrqsxx":"0","cqqtzjs":"5492ea31dc969ae16793c8b5006ab94c","sdtzjs":"","cqqtznr":"各位老师，学生在21:30-22:50间进行晚查寝打卡，请督促学生尽快完成定位打卡，期间可查看实时打卡数据，23点10分查寝结束可查看查寝打卡结果数据。","cqqxstznr":"请尽快归寝，在21:30-22:50间完成查寝打卡","cqqxstzsj":10,"sort":null,"yctssz":null,"cqztzjs":"5492ea31dc969ae16793c8b5006ab94c,9575c759be791015e1ebf7362c3f1d20","xsdqzt":"1","xslb":"","sznj":"2025,2024","xjzt":"1","cqcyzt":"","sfpcwsxs":null,"csjwjl":null,"wjl":null,"jzPcId":"","wdk":"","djjjrlx":"0","sfldqdwz":null,"cqjssjlc":"","dmjgsz":"","fhjgsz":"","tzmbzd":"[]","djqjgb":"0","djqjly":null,"yctsszwc":null,"csjwjlwc":null,"aqyjtzsz":"","cqjglxsz":"1,2,3,0,9","lyjyyq":null,"fhsjd":"","zqxsdksz":"1","zdtzsj":"22:30","zdtzwdkxsnr":"请尽快归寝完成打卡","sxxsdqzt":null,"qjxhpd":null,"dqdmmr":null,"dqdmxb":null,"sxsscqsj":null,"pageNum":null,"pageSize":null,"tz":null,"xsId":"1970680964778921986","ldId":"1e98c3193d134a0f9a96e141ef69e3d3","bmId":"b05d02d1865c83bc5308b4d4668e2bee","fjId":"da95d0fc6be3cdca5b6ed0c186949cae","cwId":"f7a3488d8b1f229e28550089208f94d4","cqjg":null,"cqsj":null,"xjzp":null,"yx":"5e1294d6c88a4a60a2acdf0bbac60dff","zy":"dca25198d7f74c379d1da187a8b991ce","bj":"5ac35e7e7dd04059a758c84a9ceee7a1","deyx":null,"dezy":null,"debj":null,"xsdqztX":"1","xslbX":"47","sznjX":"2025","xjztX":"1","cqcyztX":"1","wsIdX":null,"ldwz":null,"bluetoothList":null},"wgrq":"2026-06-02"}}
2026-06-02 21:34:57.753 | DEBUG   | src.client:log_http_details:55 - =============================
2026-06-02 21:34:57.753 | SUCCESS | src.client:_fetch_sign_metadata:418 - 发现进行中的签到批次:
2026-06-02 21:34:57.753 | INFO    | src.client:_fetch_sign_metadata:419 -     批次 ID (pcId): 6d9c8bdc3b3e418db60ad465946b2ff0
2026-06-02 21:34:57.753 | INFO    | src.client:_fetch_sign_metadata:420 -     楼栋 ID (ldId): 1e98c3193d134a0f9a96e141ef69e3d3
2026-06-02 21:34:57.753 | INFO    | src.client:_fetch_sign_metadata:421 -     床位 ID (cwId): f7a3488d8b1f229e28550089208f94d4
2026-06-02 21:34:57.753 | INFO    | src.client:_fetch_sign_metadata:422 -     学生 ID (xsId): 1970680964778921986
2026-06-02 21:34:57.754 | INFO    | src.client:_fetch_sign_metadata:423 -     签到日期 (rq): 2026-06-02
2026-06-02 21:34:57.754 | INFO    | src.client:_fetch_sign_metadata:424 -     签到规则状态: None
2026-06-02 21:34:57.754 | DEBUG   | src.client:_resolve_location:440 - 输入参数 - lat: 30.477347181407705, lng: 114.41138545505815, address: '湖北省武汉市洪山区软件园东路，湖北科技职业学院(关山校区)'
2026-06-02 21:34:57.754 | SUCCESS | src.client:_resolve_location:472 - 最终采用位置: 湖北省武汉市洪山区软件园东路，湖北科技职业学院(关山校区) (30.477347181407705, 114.41138545505815)
2026-06-02 21:34:57.754 | DEBUG   | src.client:_submit_clock_in:526 - 签到明文载荷: {
  "jg": "1",
  "sj": "2026-06-02 21:34:57",
  "rq": "2026-06-02",
  "pcId": "6d9c8bdc3b3e418db60ad465946b2ff0",
  "ldId": "1e98c3193d134a0f9a96e141ef69e3d3",
  "cwId": "f7a3488d8b1f229e28550089208f94d4",
  "xsId": "1970680964778921986",
  "cqfs": "1",
  "tp": null,
  "dkwz": "湖北省武汉市洪山区软件园东路，湖北科技职业学院(关山校区)",
  "lysbmc": "iPhone 15 Pro"
}
2026-06-02 21:34:57.754 | DEBUG   | src.client:_submit_clock_in:530 - 加密密文十六进制 (长度=704): 7e81a12b155e963c09f69cea76c806a36e2e533ec968f018fddd74ddc64e676d81df591f9b06cf60f55dc97b10e74189efddcb43715509f1d855bc71eacd0ee8ac45f5c20a39c0d5d90e1f6e3456c23b8907783ea5ae0cb1a87f513ce0724f66314ffe389f0f2ed753e8ba6642617c3902f1e0092ff22081ecdc357d0a215b72f7dd7a17e53d3430ed30d8081f791a5ae85585875b3465fc8e7e0df878c9e466c123daa6c58cdc144c5ea67b8daad329cf7ac498a0175a89c134b590511a09de6625ff9c2ad36a7a7935413594b4d606a89ca2767c696f4de706e99a9d8c180b7414db25f106b5cf231042e38d1f0bb8006e504b9b0d5540ef3b8238f0584a39142dd16d96bee39dfa78a25f68132fab2a52976ff0122dace489c021354291064696b330804ac42208faf02768f2fd2e2d05237c157519d54434be967d255bb272ba8c55dd14da82dc0123dbf1be399114b81dcc7a59ab67c4ab205fc9db3e77
2026-06-02 21:34:57.754 | INFO    | src.client:_submit_clock_in:532 - 正在提交打卡请求...
2026-06-02 21:34:58.029 | DEBUG   | src.client:log_http_details:43 - === HTTP Request Details ===
2026-06-02 21:34:58.029 | DEBUG   | src.client:log_http_details:44 - Method: POST | URL: https://hbkjzy.qmx.chaoxing.com/housemaster/sg/roomCheckPunch/clockIn
2026-06-02 21:34:58.029 | DEBUG   | src.client:log_http_details:46 - Request Headers: {'User-Agent': 'Mozilla/5.0 (iPhone; CPU iPhone OS 18_7_7 like Mac OS X) AppleWebKit/605.1.15 (KHTML, like Gecko) Mobile/15E148 (schild:c69a8a0f7107e385cfaa3a45194f99ef) (device:iPhone13,2) Language/zh-Hant com.ssreader.ChaoXingStudy/ChaoXingStudy_3_6.7.3_ios_phone_202602111700_314 (@Kalimdor)_14898949611323310882', 'Accept': 'application/json, text/plain, */*', 'Accept-Language': 'zh-CN,zh-Hans;q=0.9', 'Accept-Encoding': 'gzip, deflate, br', 'Connection': 'keep-alive', 'Content-Type': 'application/json; charset=utf-8', 'Origin': 'https://hbkjzy.qmx.chaoxing.com', 'Referer': 'https://hbkjzy.qmx.chaoxing.com/mobile/?v=1758a137a'}
2026-06-02 21:34:58.029 | DEBUG   | src.client:log_http_details:48 - Request Body: {'jsonStr': '7e81a12b155e963c09f69cea76c806a36e2e533ec968f018fddd74ddc64e676d81df591f9b06cf60f55dc97b10e74189efddcb43715509f1d855bc71eacd0ee8ac45f5c20a39c0d5d90e1f6e3456c23b8907783ea5ae0cb1a87f513ce0724f66314ffe389f0f2ed753e8ba6642617c3902f1e0092ff22081ecdc357d0a215b72f7dd7a17e53d3430ed30d8081f791a5ae85585875b3465fc8e7e0df878c9e466c123daa6c58cdc144c5ea67b8daad329cf7ac498a0175a89c134b590511a09de6625ff9c2ad36a7a7935413594b4d606a89ca2767c696f4de706e99a9d8c180b7414db25f106b5cf231042e38d1f0bb8006e504b9b0d5540ef3b8238f0584a39142dd16d96bee39dfa78a25f68132fab2a52976ff0122dace489c021354291064696b330804ac42208faf02768f2fd2e2d05237c157519d54434be967d255bb272ba8c55dd14da82dc0123dbf1be399114b81dcc7a59ab67c4ab205fc9db3e77'}
2026-06-02 21:34:58.029 | DEBUG   | src.client:log_http_details:51 - === HTTP Response Details ===
2026-06-02 21:34:58.029 | DEBUG   | src.client:log_http_details:52 - Status Code: 200
2026-06-02 21:34:58.029 | DEBUG   | src.client:log_http_details:53 - Response Headers: {'Date': 'Tue, 02 Jun 2026 13:34:57 GMT', 'Content-Type': 'application/json', 'Transfer-Encoding': 'chunked', 'Connection': 'keep-alive', 'Vary': 'Origin, Access-Control-Request-Method, Access-Control-Request-Headers', 'Access-Control-Allow-Origin': 'https://hbkjzy.qmx.chaoxing.com', 'Access-Control-Allow-Credentials': 'true', 'X-Content-Type-Options': 'nosniff', 'X-XSS-Protection': '1; mode=block', 'Cache-Control': 'no-cache, no-store, max-age=0, must-revalidate', 'Pragma': 'no-cache', 'Expires': '0', 'Set-Cookie': 'route=a80aeebfb183ba49046fce88e105506a; Path=/'}
2026-06-02 21:34:58.029 | DEBUG   | src.client:log_http_details:54 - Response Body: {"success":true,"code":20000,"message":"成功","data":{"result":{"cqrq":"2026-06-02","sj":"2026-06-02 21:34:57","pcId":"6d9c8bdc3b3e418db60ad465946b2ff0","jg":"1"}}}
2026-06-02 21:34:58.029 | DEBUG   | src.client:log_http_details:55 - =============================
2026-06-02 21:34:58.029 | SUCCESS | src.client:_submit_clock_in:556 - 签到已提交！
2026-06-02 21:34:58.030 | SUCCESS | src.client:_submit_clock_in:557 - 状态：: 成功
2026-06-02 21:34:58.822 | DEBUG   | src.client:log_http_details:43 - === HTTP Request Details ===
2026-06-02 21:34:58.822 | DEBUG   | src.client:log_http_details:44 - Method: GET | URL: https://api.weixin.qq.com/cgi-bin/token?grant_type=client_credential&appid=wx2aae0401b2d24931&secret=447916ef9efbef70867646f78ae9dd07
2026-06-02 21:34:58.822 | DEBUG   | src.client:log_http_details:51 - === HTTP Response Details ===
2026-06-02 21:34:58.822 | DEBUG   | src.client:log_http_details:52 - Status Code: 200
2026-06-02 21:34:58.822 | DEBUG   | src.client:log_http_details:53 - Response Headers: {'Connection': 'keep-alive', 'Content-Type': 'application/json; encoding=utf-8', 'Date': 'Tue, 02 Jun 2026 13:34:58 GMT', 'Content-Length': '174'}
2026-06-02 21:34:58.822 | DEBUG   | src.client:log_http_details:54 - Response Body: {"access_token":"104_5uw6CjB-9gjyzasFASAzkrkgC-oJ6i7dk73I0WYlxpclHUFJ5Dh5YX5JWiAqRonAEXtj-I4HL8ZmAkTo5-2_xZ9QLyEAb5NFOveesV5v7KwtRxEkRc1tj7VID50XGObAAATCK","expires_in":7200}
2026-06-02 21:34:58.822 | DEBUG   | src.client:log_http_details:55 - =============================
2026-06-02 21:35:00.290 | DEBUG   | src.client:log_http_details:43 - === HTTP Request Details ===
2026-06-02 21:35:00.290 | DEBUG   | src.client:log_http_details:44 - Method: POST | URL: https://api.weixin.qq.com/cgi-bin/message/template/send?access_token=104_5uw6CjB-9gjyzasFASAzkrkgC-oJ6i7dk73I0WYlxpclHUFJ5Dh5YX5JWiAqRonAEXtj-I4HL8ZmAkTo5-2_xZ9QLyEAb5NFOveesV5v7KwtRxEkRc1tj7VID50XGObAAATCK
2026-06-02 21:35:00.290 | DEBUG   | src.client:log_http_details:48 - Request Body: {'touser': 'o7iqgvsMxgHw_cxRbMuNBZMiGdow', 'template_id': 'DSDf1Qnt2to66t3epzCs5bHjm5czjM3gcWxn1Ujxx_s', 'data': {'content': {'value': '定位打卡', 'color': '#173177'}, 'status': {'value': '成功(时间: 2026-06-02 21:34:57)', 'color': '#173177'}}}
2026-06-02 21:35:00.290 | DEBUG   | src.client:log_http_details:51 - === HTTP Response Details ===
2026-06-02 21:35:00.290 | DEBUG   | src.client:log_http_details:52 - Status Code: 200
2026-06-02 21:35:00.290 | DEBUG   | src.client:log_http_details:53 - Response Headers: {'Connection': 'keep-alive', 'Content-Type': 'application/json; encoding=utf-8', 'Date': 'Tue, 02 Jun 2026 13:35:00 GMT', 'Content-Length': '55'}
2026-06-02 21:35:00.290 | DEBUG   | src.client:log_http_details:54 - Response Body: {"errcode":0,"errmsg":"ok","msgid":4543522236153937925}
2026-06-02 21:35:00.290 | DEBUG   | src.client:log_http_details:55 - =============================
2026-06-02 21:35:00.290 | SUCCESS | src.notifier:send_wechat_notification:86 - 微信测试号模板消息推送成功
