2026-06-26 21:30:56.228 | INFO    | src.core:run_sign_in:57 - ============================================================
2026-06-26 21:30:56.228 | INFO    | src.core:run_sign_in:58 -                           定位打卡
2026-06-26 21:30:56.228 | INFO    | src.core:run_sign_in:59 - ============================================================
2026-06-26 21:30:56.228 | DEBUG   | src.client:validate_cookies:122 - 开始校验 Cookie...
2026-06-26 21:30:58.760 | WARNING | src.client:validate_cookies:150 - Cookie 校验失败: 检测到未登录或跳转。特征: passport2.chaoxing.com=False, login_keyword=True
2026-06-26 21:30:58.761 | DEBUG   | src.client:validate_cookies:152 - 跳转/未登录响应内容预览 (前1000字符): <!doctype html>
<html>
<head>
    <meta name="viewport" content="width=device-width, initial-scale=1,maximum-scale=1, user-scalable=no"/>
    <meta http-equiv="pragma" content="no-cache"/>
    <meta http-equiv="cache-control" content="no-cache"/>
    <meta http-equiv="expires" content="0"/>
    <meta charset="utf-8">
    <title>登录</title>
    <link href="https://passport2-static.chaoxing.com/css/fanya/mobile/common.css?v=4" rel="stylesheet">
    <link href="https://passport2-static.chaoxing.com/css/fanya/mobile/style.css?v=5" rel="stylesheet">
    <link href="https://passport2-static.chaoxing.com/css/fanya/mobile/login-type.css?v=8" rel="stylesheet">
    <script src="https://passport2-static.chaoxing.com/js/common/commonUtil.js?v=20260128"></script>
    <script src="https://passport2-static.chaoxing.com/js/jquery.min.js" type="text/javascript"></script>
    <script src="https://passport2-static.chaoxing.com/js/fanya/mobile/ratio.js" type="text/javascript"></script>
    <
2026-06-26 21:30:58.762 | WARNING | src.client:_ensure_authenticated_session:293 - Cookie 不存在或已过期，需要重新登录。
2026-06-26 21:30:58.763 | INFO    | src.client:login_chaoxing:185 - 正在发送登录请求...
2026-06-26 21:30:59.621 | SUCCESS | src.client:login_chaoxing:191 - 登录成功！
2026-06-26 21:30:59.622 | SUCCESS | src.client:save_cookies:209 - Cookie 已成功保存至: /home/runner/work/cx-hubstc-sign/cx-hubstc-sign/configs/syj/cookies.txt
2026-06-26 21:30:59.622 | SUCCESS | src.client:_ensure_authenticated_session:311 - 成功加载有效 Cookie。UID: 409687284
2026-06-26 21:31:02.405 | INFO    | src.client:fetch_mobile_version:111 - 动态获取到 mobile 页面版本: 803422dd2
2026-06-26 21:31:02.407 | INFO    | src.client:_exchange_erm_token:321 - 正在交换机构 Token (ermLogin)...
2026-06-26 21:31:03.243 | DEBUG   | src.client:log_http_details:43 - === HTTP Request Details ===
2026-06-26 21:31:03.243 | DEBUG   | src.client:log_http_details:44 - Method: GET | URL: https://hbkjzy.qmx.chaoxing.com/pedestal/user/ermLogin
2026-06-26 21:31:03.243 | DEBUG   | src.client:log_http_details:46 - Request Headers: {'User-Agent': 'Mozilla/5.0 (iPhone; CPU iPhone OS 18_7_7 like Mac OS X) AppleWebKit/605.1.15 (KHTML, like Gecko) Mobile/15E148 (schild:c69a8a0f7107e385cfaa3a45194f99ef) (device:iPhone13,2) Language/zh-Hant com.ssreader.ChaoXingStudy/ChaoXingStudy_3_6.7.3_ios_phone_202602111700_314 (@Kalimdor)_14898949611323310882', 'Accept': 'application/json, text/plain, */*', 'Accept-Language': 'zh-CN,zh-Hans;q=0.9', 'Accept-Encoding': 'gzip, deflate, br', 'Connection': 'keep-alive', 'Referer': 'https://hbkjzy.qmx.chaoxing.com/mobile/?v=803422dd2'}
2026-06-26 21:31:03.243 | DEBUG   | src.client:log_http_details:51 - === HTTP Response Details ===
2026-06-26 21:31:03.243 | DEBUG   | src.client:log_http_details:52 - Status Code: 200
2026-06-26 21:31:03.243 | DEBUG   | src.client:log_http_details:53 - Response Headers: {'Date': 'Fri, 26 Jun 2026 13:31:03 GMT', 'Content-Type': 'application/json', 'Transfer-Encoding': 'chunked', 'Connection': 'keep-alive', 'Vary': 'Origin, Access-Control-Request-Method, Access-Control-Request-Headers', 'X-Content-Type-Options': 'nosniff', 'X-XSS-Protection': '1; mode=block', 'Cache-Control': 'no-cache, no-store, max-age=0, must-revalidate', 'Pragma': 'no-cache', 'Expires': '0', 'Set-Cookie': 'route=6a9e049ebbda358351474b555429a5f6; Path=/'}
2026-06-26 21:31:03.244 | DEBUG   | src.client:log_http_details:54 - Response Body: {"success":true,"code":20000,"message":"成功","data":{"token":"eyJhbGciOiJIUzUxMiJ9.eyJsb2dpbl91c2VyX2tleSI6IjI4ZThhMTRjLWJlN2EtNDQ5OC1hZDYzLTNjNzkwMTZjMzI1YyJ9.jCsZp7zxAGSUXq0s9VamK-s1aPY67jC2onpNU7aW8LcuyGUs0piqz85IMwRV-rklwrxjBbwL1L9MlhYpvm2Pyg"}}
2026-06-26 21:31:03.244 | DEBUG   | src.client:log_http_details:55 - =============================
2026-06-26 21:31:03.244 | SUCCESS | src.client:_exchange_erm_token:341 - 成功获取 Token: eyJhbGciOiJIUzU...
2026-06-26 21:31:03.244 | INFO    | src.client:_get_student_role:353 - 正在获取学生角色信息 (getInfox)...
2026-06-26 21:31:03.522 | SUCCESS | src.client:_get_student_role:368 - 成功获取当前角色 ID: 4204d3304f78f805c890fa1b3eb10aa9
2026-06-26 21:31:03.522 | INFO    | src.client:_fetch_sign_metadata:381 - 正在拉取签到批次与规则数据...
2026-06-26 21:31:03.810 | DEBUG   | src.client:log_http_details:43 - === HTTP Request Details ===
2026-06-26 21:31:03.810 | DEBUG   | src.client:log_http_details:44 - Method: GET | URL: https://hbkjzy.qmx.chaoxing.com/housemaster/sg/roomCheckPunch/getStudentInfo?cqfs=1
2026-06-26 21:31:03.810 | DEBUG   | src.client:log_http_details:46 - Request Headers: {'User-Agent': 'Mozilla/5.0 (iPhone; CPU iPhone OS 18_7_7 like Mac OS X) AppleWebKit/605.1.15 (KHTML, like Gecko) Mobile/15E148 (schild:c69a8a0f7107e385cfaa3a45194f99ef) (device:iPhone13,2) Language/zh-Hant com.ssreader.ChaoXingStudy/ChaoXingStudy_3_6.7.3_ios_phone_202602111700_314 (@Kalimdor)_14898949611323310882', 'Accept': 'application/json, text/plain, */*', 'Accept-Language': 'zh-CN,zh-Hans;q=0.9', 'Accept-Encoding': 'gzip, deflate, br', 'Connection': 'keep-alive', 'Referer': 'https://hbkjzy.qmx.chaoxing.com/mobile/?v=803422dd2'}
2026-06-26 21:31:03.810 | DEBUG   | src.client:log_http_details:51 - === HTTP Response Details ===
2026-06-26 21:31:03.810 | DEBUG   | src.client:log_http_details:52 - Status Code: 200
2026-06-26 21:31:03.810 | DEBUG   | src.client:log_http_details:53 - Response Headers: {'Date': 'Fri, 26 Jun 2026 13:31:03 GMT', 'Content-Type': 'application/json', 'Transfer-Encoding': 'chunked', 'Connection': 'keep-alive', 'Vary': 'Origin, Access-Control-Request-Method, Access-Control-Request-Headers', 'X-Content-Type-Options': 'nosniff', 'X-XSS-Protection': '1; mode=block', 'Cache-Control': 'no-cache, no-store, max-age=0, must-revalidate', 'Pragma': 'no-cache', 'Expires': '0', 'Set-Cookie': 'route=b1c2a11131f3a8121257834d5d90d09a; Path=/'}
2026-06-26 21:31:03.810 | DEBUG   | src.client:log_http_details:54 - Response Body: {"success":false,"code":20001,"message":"今日无需打卡","data":{}}
2026-06-26 21:31:03.810 | DEBUG   | src.client:log_http_details:55 - =============================
2026-06-26 21:31:03.810 | INFO    | src.client:_fetch_sign_metadata:393 - 今日无需打卡
2026-06-26 21:31:04.820 | DEBUG   | src.client:log_http_details:43 - === HTTP Request Details ===
2026-06-26 21:31:04.820 | DEBUG   | src.client:log_http_details:44 - Method: POST | URL: https://api.day.app/push
2026-06-26 21:31:04.820 | DEBUG   | src.client:log_http_details:48 - Request Body: {'device_key': 'kGvnepp2u9vGpRGH2vpiMG', 'title': '寝室定位打卡', 'body': '信息：今日无需打卡', 'group': '超星自动签到'}
2026-06-26 21:31:04.820 | DEBUG   | src.client:log_http_details:51 - === HTTP Response Details ===
2026-06-26 21:31:04.820 | DEBUG   | src.client:log_http_details:52 - Status Code: 200
2026-06-26 21:31:04.820 | DEBUG   | src.client:log_http_details:53 - Response Headers: {'Server': 'nginx/1.18.0 (Ubuntu)', 'Date': 'Fri, 26 Jun 2026 13:31:04 GMT', 'Content-Type': 'application/json', 'Content-Length': '55', 'Connection': 'keep-alive', 'Access-Control-Allow-Origin': '*'}
2026-06-26 21:31:04.820 | DEBUG   | src.client:log_http_details:54 - Response Body: {"code":200,"message":"success","timestamp":1782480664}
2026-06-26 21:31:04.820 | DEBUG   | src.client:log_http_details:55 - =============================
2026-06-26 21:31:04.821 | SUCCESS | src.notifier:send_bark_notification:149 - Bark 消息推送成功
2026-06-26 21:31:05.579 | DEBUG   | src.client:log_http_details:43 - === HTTP Request Details ===
2026-06-26 21:31:05.579 | DEBUG   | src.client:log_http_details:44 - Method: GET | URL: https://api.weixin.qq.com/cgi-bin/token?grant_type=client_credential&appid=wx2aae0401b2d24931&secret=447916ef9efbef70867646f78ae9dd07
2026-06-26 21:31:05.579 | DEBUG   | src.client:log_http_details:51 - === HTTP Response Details ===
2026-06-26 21:31:05.579 | DEBUG   | src.client:log_http_details:52 - Status Code: 200
2026-06-26 21:31:05.579 | DEBUG   | src.client:log_http_details:53 - Response Headers: {'Connection': 'keep-alive', 'Content-Type': 'application/json; encoding=utf-8', 'Date': 'Fri, 26 Jun 2026 13:31:05 GMT', 'Content-Length': '174'}
2026-06-26 21:31:05.579 | DEBUG   | src.client:log_http_details:54 - Response Body: {"access_token":"105_nZXgRUG1IyZ1Lvxd9oflIvA-QzrqUrRQn0NE6N2sreaoab1djKYnvQDujq_aCFmc-llFdghOo4QHCxwPU0wtdMuHLwQEn_ZH1ww45OZWqe0vcKS5fsb2uNnNy_kHBNjAFAXRD","expires_in":7200}
2026-06-26 21:31:05.579 | DEBUG   | src.client:log_http_details:55 - =============================
2026-06-26 21:31:07.048 | DEBUG   | src.client:log_http_details:43 - === HTTP Request Details ===
2026-06-26 21:31:07.048 | DEBUG   | src.client:log_http_details:44 - Method: POST | URL: https://api.weixin.qq.com/cgi-bin/message/template/send?access_token=105_nZXgRUG1IyZ1Lvxd9oflIvA-QzrqUrRQn0NE6N2sreaoab1djKYnvQDujq_aCFmc-llFdghOo4QHCxwPU0wtdMuHLwQEn_ZH1ww45OZWqe0vcKS5fsb2uNnNy_kHBNjAFAXRD
2026-06-26 21:31:07.048 | DEBUG   | src.client:log_http_details:48 - Request Body: {'touser': 'o7iqgvq0M1QiiLa7DsSydbcO5GdM', 'template_id': 'xZbMQQlcZjKTxz3d6xo5Z6byKt3_DwWmy3Ad46yUAn4', 'data': {'content': {'value': '今日无需打卡', 'color': '#173177'}}}
2026-06-26 21:31:07.048 | DEBUG   | src.client:log_http_details:51 - === HTTP Response Details ===
2026-06-26 21:31:07.048 | DEBUG   | src.client:log_http_details:52 - Status Code: 200
2026-06-26 21:31:07.048 | DEBUG   | src.client:log_http_details:53 - Response Headers: {'Connection': 'keep-alive', 'Content-Type': 'application/json; encoding=utf-8', 'Date': 'Fri, 26 Jun 2026 13:31:06 GMT', 'Content-Length': '55'}
2026-06-26 21:31:07.048 | DEBUG   | src.client:log_http_details:54 - Response Body: {"errcode":0,"errmsg":"ok","msgid":4578307556925243393}
2026-06-26 21:31:07.049 | DEBUG   | src.client:log_http_details:55 - =============================
2026-06-26 21:31:07.049 | SUCCESS | src.notifier:send_wechat_notification:86 - 微信测试号模板消息推送成功
