2026-05-27 22:58:48.239 | INFO    | src.core:run_sign_in:57 - ============================================================
2026-05-27 22:58:48.239 | INFO    | src.core:run_sign_in:58 -                           定位打卡
2026-05-27 22:58:48.239 | INFO    | src.core:run_sign_in:59 - ============================================================
2026-05-27 22:58:48.239 | DEBUG   | src.client:validate_cookies:122 - 开始校验 Cookie...
2026-05-27 22:58:49.168 | SUCCESS | src.client:validate_cookies:147 - Cookie 校验成功: 用户处于登录状态
2026-05-27 22:58:49.169 | SUCCESS | src.client:_ensure_authenticated_session:309 - 成功加载有效 Cookie。UID: 409687284
2026-05-27 22:58:51.830 | INFO    | src.client:fetch_mobile_version:111 - 动态获取到 mobile 页面版本: dfdec28a5
2026-05-27 22:58:51.832 | INFO    | src.client:_exchange_erm_token:319 - 正在交换机构 Token (ermLogin)...
2026-05-27 22:58:53.614 | DEBUG   | src.client:log_http_details:43 - === HTTP Request Details ===
2026-05-27 22:58:53.614 | DEBUG   | src.client:log_http_details:44 - Method: GET | URL: https://hbkjzy.qmx.chaoxing.com/pedestal/user/ermLogin
2026-05-27 22:58:53.614 | DEBUG   | src.client:log_http_details:46 - Request Headers: {'User-Agent': 'Mozilla/5.0 (iPhone; CPU iPhone OS 18_7_7 like Mac OS X) AppleWebKit/605.1.15 (KHTML, like Gecko) Mobile/15E148 (schild:c69a8a0f7107e385cfaa3a45194f99ef) (device:iPhone13,2) Language/zh-Hant com.ssreader.ChaoXingStudy/ChaoXingStudy_3_6.7.3_ios_phone_202602111700_314 (@Kalimdor)_14898949611323310882', 'Accept': 'application/json, text/plain, */*', 'Accept-Language': 'zh-CN,zh-Hans;q=0.9', 'Accept-Encoding': 'gzip, deflate, br', 'Connection': 'keep-alive', 'Referer': 'https://hbkjzy.qmx.chaoxing.com/mobile/?v=dfdec28a5'}
2026-05-27 22:58:53.614 | DEBUG   | src.client:log_http_details:51 - === HTTP Response Details ===
2026-05-27 22:58:53.614 | DEBUG   | src.client:log_http_details:52 - Status Code: 200
2026-05-27 22:58:53.614 | DEBUG   | src.client:log_http_details:53 - Response Headers: {'Date': 'Wed, 27 May 2026 14:58:53 GMT', 'Content-Type': 'application/json', 'Transfer-Encoding': 'chunked', 'Connection': 'keep-alive', 'Vary': 'Origin, Access-Control-Request-Method, Access-Control-Request-Headers', 'X-Content-Type-Options': 'nosniff', 'X-XSS-Protection': '1; mode=block', 'Cache-Control': 'no-cache, no-store, max-age=0, must-revalidate', 'Pragma': 'no-cache', 'Expires': '0', 'Set-Cookie': 'route=27412792042a09c46b1f953f0e7f7471; Path=/'}
2026-05-27 22:58:53.614 | DEBUG   | src.client:log_http_details:54 - Response Body: {"success":true,"code":20000,"message":"成功","data":{"token":"eyJhbGciOiJIUzUxMiJ9.eyJsb2dpbl91c2VyX2tleSI6IjQwNGY3MWNhLWIwOGMtNDVlMi1iNTdiLTE3YzJkMmVmMjExMyJ9.C8Qb5nYhVLut0mfORu1_t10qT3vIh1XKDV_zf14G01eWn2sOuiNeZF8mFl8xk8MQVt74KKqpsbSu50AdG9Q4BQ"}}
2026-05-27 22:58:53.614 | DEBUG   | src.client:log_http_details:55 - =============================
2026-05-27 22:58:53.614 | SUCCESS | src.client:_exchange_erm_token:336 - 成功获取 Token: eyJhbGciOiJIUzU...
2026-05-27 22:58:53.614 | INFO    | src.client:_get_student_role:348 - 正在获取学生角色信息 (getInfox)...
2026-05-27 22:58:53.878 | SUCCESS | src.client:_get_student_role:363 - 成功获取当前角色 ID: 4204d3304f78f805c890fa1b3eb10aa9
2026-05-27 22:58:53.878 | INFO    | src.client:_fetch_sign_metadata:376 - 正在拉取签到批次与规则数据...
2026-05-27 22:58:54.136 | DEBUG   | src.client:log_http_details:43 - === HTTP Request Details ===
2026-05-27 22:58:54.136 | DEBUG   | src.client:log_http_details:44 - Method: GET | URL: https://hbkjzy.qmx.chaoxing.com/housemaster/sg/roomCheckPunch/getStudentInfo?cqfs=1
2026-05-27 22:58:54.136 | DEBUG   | src.client:log_http_details:46 - Request Headers: {'User-Agent': 'Mozilla/5.0 (iPhone; CPU iPhone OS 18_7_7 like Mac OS X) AppleWebKit/605.1.15 (KHTML, like Gecko) Mobile/15E148 (schild:c69a8a0f7107e385cfaa3a45194f99ef) (device:iPhone13,2) Language/zh-Hant com.ssreader.ChaoXingStudy/ChaoXingStudy_3_6.7.3_ios_phone_202602111700_314 (@Kalimdor)_14898949611323310882', 'Accept': 'application/json, text/plain, */*', 'Accept-Language': 'zh-CN,zh-Hans;q=0.9', 'Accept-Encoding': 'gzip, deflate, br', 'Connection': 'keep-alive', 'Referer': 'https://hbkjzy.qmx.chaoxing.com/mobile/?v=dfdec28a5'}
2026-05-27 22:58:54.136 | DEBUG   | src.client:log_http_details:51 - === HTTP Response Details ===
2026-05-27 22:58:54.136 | DEBUG   | src.client:log_http_details:52 - Status Code: 200
2026-05-27 22:58:54.136 | DEBUG   | src.client:log_http_details:53 - Response Headers: {'Date': 'Wed, 27 May 2026 14:58:54 GMT', 'Content-Type': 'application/json', 'Transfer-Encoding': 'chunked', 'Connection': 'keep-alive', 'Vary': 'Origin, Access-Control-Request-Method, Access-Control-Request-Headers', 'X-Content-Type-Options': 'nosniff', 'X-XSS-Protection': '1; mode=block', 'Cache-Control': 'no-cache, no-store, max-age=0, must-revalidate', 'Pragma': 'no-cache', 'Expires': '0', 'Set-Cookie': 'route=a80aeebfb183ba49046fce88e105506a; Path=/'}
2026-05-27 22:58:54.136 | DEBUG   | src.client:log_http_details:54 - Response Body: {"success":false,"code":20001,"message":"今日无需打卡","data":{}}
2026-05-27 22:58:54.136 | DEBUG   | src.client:log_http_details:55 - =============================
2026-05-27 22:58:54.137 | INFO    | src.client:_fetch_sign_metadata:388 - 今日无需打卡
2026-05-27 22:58:54.137 | INFO    | src.notifier:send_notification:189 - 已启用只推送主账号功能，当前为子账号，跳过推送
