2026-05-27 01:33:17.946 | DEBUG   | __main__:main:478 - === Running Environment Metadata ===
2026-05-27 01:33:18.030 | DEBUG   | __main__:main:479 - OS: Windows 11 (win32)
2026-05-27 01:33:18.030 | DEBUG   | __main__:main:480 - Python Version: 3.13.7
2026-05-27 01:33:18.030 | DEBUG   | __main__:main:482 - Is GitHub Actions: False
2026-05-27 01:33:18.030 | DEBUG   | __main__:main:487 - =====================================
2026-05-27 01:33:18.031 | SUCCESS | __main__:main:496 - 成功读取配置文件: D:\Zropk\Documents\PycharmProjects\cx_hubstc_sign\config.json
2026-05-27 01:33:18.031 | INFO    | __main__:main:516 - ============================================================
2026-05-27 01:33:18.031 | INFO    | __main__:main:517 -                           定位打卡
2026-05-27 01:33:18.031 | INFO    | __main__:main:518 - ============================================================
2026-05-27 01:33:18.031 | INFO    | __main__:main:522 - 配置了随机延时，正在随机延时 1 秒 (范围: 1 - 1 秒)...
2026-05-27 01:33:19.032 | DEBUG   | __main__:validate_cookies:185 - 开始校验 Cookie...
2026-05-27 01:33:20.076 | SUCCESS | __main__:validate_cookies:210 - Cookie 校验成功: 用户处于登录状态
2026-05-27 01:33:20.077 | SUCCESS | __main__:main:545 - 成功加载有效 Cookie。UID: 410430135
2026-05-27 01:33:22.124 | INFO    | __main__:fetch_mobile_version:163 - 动态获取到 mobile 页面版本: dfdec28a5
2026-05-27 01:33:22.126 | INFO    | __main__:main:552 - 正在交换机构 Token (ermLogin)...
2026-05-27 01:33:23.024 | DEBUG   | __main__:log_http_details:75 - === HTTP Request Details ===
2026-05-27 01:33:23.025 | DEBUG   | __main__:log_http_details:76 - Method: GET | URL: https://hbkjzy.qmx.chaoxing.com/pedestal/user/ermLogin
2026-05-27 01:33:23.025 | DEBUG   | __main__:log_http_details:78 - Request Headers: {'User-Agent': 'Mozilla/5.0 (iPhone; CPU iPhone OS 18_7_7 like Mac OS X) AppleWebKit/605.1.15 (KHTML, like Gecko) Mobile/15E148 (schild:c69a8a0f7107e385cfaa3a45194f99ef) (device:iPhone13,2) Language/zh-Hant com.ssreader.ChaoXingStudy/ChaoXingStudy_3_6.7.3_ios_phone_202602111700_314 (@Kalimdor)_14898949611323310882', 'Accept': 'application/json, text/plain, */*', 'Accept-Language': 'zh-CN,zh-Hans;q=0.9', 'Accept-Encoding': 'gzip, deflate, br', 'Connection': 'keep-alive', 'Referer': 'https://hbkjzy.qmx.chaoxing.com/mobile/?v=dfdec28a5'}
2026-05-27 01:33:23.025 | DEBUG   | __main__:log_http_details:83 - === HTTP Response Details ===
2026-05-27 01:33:23.025 | DEBUG   | __main__:log_http_details:84 - Status Code: 200
2026-05-27 01:33:23.025 | DEBUG   | __main__:log_http_details:85 - Response Headers: {'Date': 'Tue, 26 May 2026 17:33:24 GMT', 'Content-Type': 'application/json', 'Transfer-Encoding': 'chunked', 'Connection': 'keep-alive', 'Vary': 'Origin, Access-Control-Request-Method, Access-Control-Request-Headers', 'X-Content-Type-Options': 'nosniff', 'X-XSS-Protection': '1; mode=block', 'Cache-Control': 'no-cache, no-store, max-age=0, must-revalidate', 'Pragma': 'no-cache', 'Expires': '0'}
2026-05-27 01:33:23.025 | DEBUG   | __main__:log_http_details:86 - Response Body: {"success":true,"code":20000,"message":"成功","data":{"token":"eyJhbGciOiJIUzUxMiJ9.eyJsb2dpbl91c2VyX2tleSI6IjY3YWYxYTJkLTFiODYtNDNlZi1hNTIxLTA1ZTExZjJkOGRlOSJ9.j7XYI7D8uC3DFmHRB9BB16kKhmajHfJpf6OOFhyCnEDaXeMPpjHYZMfaAG4KU8T4U8onRHIEqZ02o668xXrd_g"}}
2026-05-27 01:33:23.025 | DEBUG   | __main__:log_http_details:87 - =============================
2026-05-27 01:33:23.025 | SUCCESS | __main__:main:570 - 成功获取 Token: eyJhbGciOiJIUzU...
2026-05-27 01:33:23.025 | INFO    | __main__:main:579 - 正在获取学生角色信息 (getInfox)...
2026-05-27 01:33:23.073 | SUCCESS | __main__:main:594 - 成功获取当前角色 ID: 4204d3304f78f805c890fa1b3eb10aa9
2026-05-27 01:33:23.073 | INFO    | __main__:main:601 - 正在拉取签到批次与规则数据...
2026-05-27 01:33:23.114 | DEBUG   | __main__:log_http_details:75 - === HTTP Request Details ===
2026-05-27 01:33:23.114 | DEBUG   | __main__:log_http_details:76 - Method: GET | URL: https://hbkjzy.qmx.chaoxing.com/housemaster/sg/roomCheckPunch/getStudentInfo?cqfs=1
2026-05-27 01:33:23.114 | DEBUG   | __main__:log_http_details:78 - Request Headers: {'User-Agent': 'Mozilla/5.0 (iPhone; CPU iPhone OS 18_7_7 like Mac OS X) AppleWebKit/605.1.15 (KHTML, like Gecko) Mobile/15E148 (schild:c69a8a0f7107e385cfaa3a45194f99ef) (device:iPhone13,2) Language/zh-Hant com.ssreader.ChaoXingStudy/ChaoXingStudy_3_6.7.3_ios_phone_202602111700_314 (@Kalimdor)_14898949611323310882', 'Accept': 'application/json, text/plain, */*', 'Accept-Language': 'zh-CN,zh-Hans;q=0.9', 'Accept-Encoding': 'gzip, deflate, br', 'Connection': 'keep-alive', 'Referer': 'https://hbkjzy.qmx.chaoxing.com/mobile/?v=dfdec28a5'}
2026-05-27 01:33:23.114 | DEBUG   | __main__:log_http_details:83 - === HTTP Response Details ===
2026-05-27 01:33:23.114 | DEBUG   | __main__:log_http_details:84 - Status Code: 200
2026-05-27 01:33:23.114 | DEBUG   | __main__:log_http_details:85 - Response Headers: {'Date': 'Tue, 26 May 2026 17:33:24 GMT', 'Content-Type': 'application/json', 'Transfer-Encoding': 'chunked', 'Connection': 'keep-alive', 'Vary': 'Origin, Access-Control-Request-Method, Access-Control-Request-Headers', 'X-Content-Type-Options': 'nosniff', 'X-XSS-Protection': '1; mode=block', 'Cache-Control': 'no-cache, no-store, max-age=0, must-revalidate', 'Pragma': 'no-cache', 'Expires': '0', 'Set-Cookie': 'route=a80aeebfb183ba49046fce88e105506a; Path=/'}
2026-05-27 01:33:23.114 | DEBUG   | __main__:log_http_details:86 - Response Body: {"success":true,"code":20000,"message":"成功","data":{"result":{"cqrq":"2026-05-26","sj":"2026-05-26 21:59:43","pcId":"6d9c8bdc3b3e418db60ad465946b2ff0","jg":"1"}}}
2026-05-27 01:33:23.114 | DEBUG   | __main__:log_http_details:87 - =============================
2026-05-27 01:33:23.114 | INFO    | __main__:main:625 - 当前没有处于活动状态的签到批次。
2026-05-27 01:33:23.115 | INFO    | __main__:main:628 - 提示: 今日已签到状态为: 1 (时间: 2026-05-26 21:59:43)
2026-05-27 01:33:24.289 | DEBUG   | __main__:log_http_details:75 - === HTTP Request Details ===
2026-05-27 01:33:24.289 | DEBUG   | __main__:log_http_details:76 - Method: POST | URL: https://api.day.app/push
2026-05-27 01:33:24.290 | DEBUG   | __main__:log_http_details:80 - Request Body: {'device_key': '4BQcuEEXvfQvtDQiiwXEGU', 'title': '寝室定位打卡', 'body': '🔔 当前没有活动状态的签到批次。\n今日已签到状态: 1 (时间: 2026-05-26 21:59:43)', 'group': '超星自动签到'}
2026-05-27 01:33:24.290 | DEBUG   | __main__:log_http_details:83 - === HTTP Response Details ===
2026-05-27 01:33:24.290 | DEBUG   | __main__:log_http_details:84 - Status Code: 200
2026-05-27 01:33:24.290 | DEBUG   | __main__:log_http_details:85 - Response Headers: {'Server': 'nginx/1.18.0 (Ubuntu)', 'Date': 'Tue, 26 May 2026 17:33:25 GMT', 'Content-Type': 'application/json', 'Content-Length': '55', 'Connection': 'keep-alive', 'Access-Control-Allow-Origin': '*'}
2026-05-27 01:33:24.290 | DEBUG   | __main__:log_http_details:86 - Response Body: {"code":200,"message":"success","timestamp":1779816805}
2026-05-27 01:33:24.290 | DEBUG   | __main__:log_http_details:87 - =============================
2026-05-27 01:33:24.291 | SUCCESS | __main__:send_bark_notification:403 - Bark 消息推送成功
