2026-05-26 01:06:51.562 | DEBUG   | __main__:main:457 - === Running Environment Metadata ===
2026-05-26 01:06:51.562 | DEBUG   | __main__:main:458 - OS: Linux 6.17.0-1013-azure (linux)
2026-05-26 01:06:51.563 | DEBUG   | __main__:main:459 - Python Version: 3.12.13
2026-05-26 01:06:51.563 | DEBUG   | __main__:main:461 - Is GitHub Actions: True
2026-05-26 01:06:51.563 | DEBUG   | __main__:main:463 - GitHub Repository: Zropk66/cx-hubstc-sign
2026-05-26 01:06:51.563 | DEBUG   | __main__:main:464 - GitHub Workflow: ChaoXing Auto Sign
2026-05-26 01:06:51.563 | DEBUG   | __main__:main:465 - GitHub Run ID: 26411609116
2026-05-26 01:06:51.563 | DEBUG   | __main__:main:466 - =====================================
2026-05-26 01:06:51.563 | SUCCESS | __main__:main:476 - 成功读取配置文件: /home/runner/work/cx-hubstc-sign/cx-hubstc-sign/config.json
2026-05-26 01:06:51.563 | INFO    | __main__:main:490 - ============================================================
2026-05-26 01:06:51.563 | INFO    | __main__:main:491 -                           定位打卡
2026-05-26 01:06:51.563 | INFO    | __main__:main:492 - ============================================================
2026-05-26 01:06:51.563 | DEBUG   | __main__:validate_cookies:192 - 开始校验 Cookie...
2026-05-26 01:06:52.993 | SUCCESS | __main__:validate_cookies:217 - Cookie 校验成功: 用户处于登录状态
2026-05-26 01:06:52.995 | SUCCESS | __main__:main:514 - 成功加载有效 Cookie。UID: 410430135
2026-05-26 01:06:55.627 | INFO    | __main__:fetch_mobile_version:170 - 动态获取到 mobile 页面版本: dfdec28a5
2026-05-26 01:06:55.629 | INFO    | __main__:main:524 - 正在交换机构 Token (ermLogin)...
2026-05-26 01:06:56.388 | DEBUG   | __main__:log_http_details:79 - === HTTP Request Details ===
2026-05-26 01:06:56.388 | DEBUG   | __main__:log_http_details:80 - Method: GET | URL: https://hbkjzy.qmx.chaoxing.com/pedestal/user/ermLogin
2026-05-26 01:06:56.388 | DEBUG   | __main__:log_http_details:82 - Request Headers: {'User-Agent': 'Mozilla/5.0 (iPhone; CPU iPhone OS 18_7_7 like Mac OS X) AppleWebKit/605.1.15 (KHTML, like Gecko) Mobile/15E148 (schild:c69a8a0f7107e385cfaa3a45194f99ef) (device:iPhone13,2) Language/zh-Hant com.ssreader.ChaoXingStudy/ChaoXingStudy_3_6.7.3_ios_phone_202602111700_314 (@Kalimdor)_14898949611323310882', 'Accept': 'application/json, text/plain, */*', 'Accept-Language': 'zh-CN,zh-Hans;q=0.9', 'Accept-Encoding': 'gzip, deflate, br', 'Connection': 'keep-alive', 'Referer': 'https://hbkjzy.qmx.chaoxing.com/mobile/?v=dfdec28a5'}
2026-05-26 01:06:56.388 | DEBUG   | __main__:log_http_details:87 - === HTTP Response Details ===
2026-05-26 01:06:56.388 | DEBUG   | __main__:log_http_details:88 - Status Code: 200
2026-05-26 01:06:56.388 | DEBUG   | __main__:log_http_details:89 - Response Headers: {'Date': 'Mon, 25 May 2026 17:06:56 GMT', 'Content-Type': 'application/json', 'Transfer-Encoding': 'chunked', 'Connection': 'keep-alive', 'Vary': 'Origin, Access-Control-Request-Method, Access-Control-Request-Headers', 'X-Content-Type-Options': 'nosniff', 'X-XSS-Protection': '1; mode=block', 'Cache-Control': 'no-cache, no-store, max-age=0, must-revalidate', 'Pragma': 'no-cache', 'Expires': '0'}
2026-05-26 01:06:56.388 | DEBUG   | __main__:log_http_details:90 - Response Body: {"success":true,"code":20000,"message":"成功","data":{"token":"eyJhbGciOiJIUzUxMiJ9.eyJsb2dpbl91c2VyX2tleSI6ImEzNWI5YTMxLTU2NTUtNGMzZC1hNTllLTg5MGI3YjgxNTg0MiJ9.Q46jqUqKE_4t8Hpt7RTPgWeP7T3GB-JFVsbKyJRBAwzJ2aT7EfPmfbau97YXP3hcP_3l-s-ZOwFWVfbawzNntg"}}
2026-05-26 01:06:56.388 | DEBUG   | __main__:log_http_details:91 - =============================
2026-05-26 01:06:56.388 | SUCCESS | __main__:main:542 - 成功获取 Token: eyJhbGciOiJIUzU...
2026-05-26 01:06:56.388 | INFO    | __main__:main:553 - 正在获取学生角色信息 (getInfox)...
2026-05-26 01:06:56.653 | SUCCESS | __main__:main:569 - 成功获取当前角色 ID: 4204d3304f78f805c890fa1b3eb10aa9
2026-05-26 01:06:56.653 | INFO    | __main__:main:577 - 正在拉取签到批次与规则数据...
2026-05-26 01:06:56.901 | DEBUG   | __main__:log_http_details:79 - === HTTP Request Details ===
2026-05-26 01:06:56.901 | DEBUG   | __main__:log_http_details:80 - Method: GET | URL: https://hbkjzy.qmx.chaoxing.com/housemaster/sg/roomCheckPunch/getStudentInfo?cqfs=1
2026-05-26 01:06:56.901 | DEBUG   | __main__:log_http_details:82 - Request Headers: {'User-Agent': 'Mozilla/5.0 (iPhone; CPU iPhone OS 18_7_7 like Mac OS X) AppleWebKit/605.1.15 (KHTML, like Gecko) Mobile/15E148 (schild:c69a8a0f7107e385cfaa3a45194f99ef) (device:iPhone13,2) Language/zh-Hant com.ssreader.ChaoXingStudy/ChaoXingStudy_3_6.7.3_ios_phone_202602111700_314 (@Kalimdor)_14898949611323310882', 'Accept': 'application/json, text/plain, */*', 'Accept-Language': 'zh-CN,zh-Hans;q=0.9', 'Accept-Encoding': 'gzip, deflate, br', 'Connection': 'keep-alive', 'Referer': 'https://hbkjzy.qmx.chaoxing.com/mobile/?v=dfdec28a5'}
2026-05-26 01:06:56.901 | DEBUG   | __main__:log_http_details:87 - === HTTP Response Details ===
2026-05-26 01:06:56.901 | DEBUG   | __main__:log_http_details:88 - Status Code: 200
2026-05-26 01:06:56.901 | DEBUG   | __main__:log_http_details:89 - Response Headers: {'Date': 'Mon, 25 May 2026 17:06:56 GMT', 'Content-Type': 'application/json', 'Transfer-Encoding': 'chunked', 'Connection': 'keep-alive', 'Vary': 'Origin, Access-Control-Request-Method, Access-Control-Request-Headers', 'X-Content-Type-Options': 'nosniff', 'X-XSS-Protection': '1; mode=block', 'Cache-Control': 'no-cache, no-store, max-age=0, must-revalidate', 'Pragma': 'no-cache', 'Expires': '0', 'Set-Cookie': 'route=2a61e665498e6233d91aea047d92dc42; Path=/'}
2026-05-26 01:06:56.901 | DEBUG   | __main__:log_http_details:90 - Response Body: {"success":false,"code":20001,"message":"今日无需打卡","data":{}}
2026-05-26 01:06:56.901 | DEBUG   | __main__:log_http_details:91 - =============================
2026-05-26 01:06:56.901 | INFO    | __main__:main:590 - 今日无需打卡
2026-05-26 01:06:57.818 | DEBUG   | __main__:log_http_details:79 - === HTTP Request Details ===
2026-05-26 01:06:57.819 | DEBUG   | __main__:log_http_details:80 - Method: POST | URL: https://api.day.app/push
2026-05-26 01:06:57.819 | DEBUG   | __main__:log_http_details:84 - Request Body: {'device_key': '4BQcuEEXvfQvtDQiiwXEGU', 'title': '寝室定位打卡', 'body': '🔔 今日无需打卡', 'group': '超星自动签到'}
2026-05-26 01:06:57.819 | DEBUG   | __main__:log_http_details:87 - === HTTP Response Details ===
2026-05-26 01:06:57.819 | DEBUG   | __main__:log_http_details:88 - Status Code: 200
2026-05-26 01:06:57.819 | DEBUG   | __main__:log_http_details:89 - Response Headers: {'Server': 'nginx/1.18.0 (Ubuntu)', 'Date': 'Mon, 25 May 2026 17:06:57 GMT', 'Content-Type': 'application/json', 'Content-Length': '55', 'Connection': 'keep-alive', 'Access-Control-Allow-Origin': '*'}
2026-05-26 01:06:57.819 | DEBUG   | __main__:log_http_details:90 - Response Body: {"code":200,"message":"success","timestamp":1779728817}
2026-05-26 01:06:57.819 | DEBUG   | __main__:log_http_details:91 - =============================
2026-05-26 01:06:57.820 | SUCCESS | __main__:send_bark_notification:412 - Bark 消息推送成功
