2026-05-25 11:46:12.372 | SUCCESS | __main__:main:436 - 成功读取配置文件: /home/runner/work/cx-hubstc-sign/cx-hubstc-sign/config.json
2026-05-25 11:46:12.372 | INFO    | __main__:main:450 - ============================================================
2026-05-25 11:46:12.372 | INFO    | __main__:main:451 -                           定位打卡
2026-05-25 11:46:12.372 | INFO    | __main__:main:452 - ============================================================
2026-05-25 11:46:14.878 | SUCCESS | __main__:main:474 - 成功加载有效 Cookie。UID: 410430135
2026-05-25 11:46:18.079 | INFO    | __main__:fetch_mobile_version:157 - 动态获取到 mobile 页面版本: dfdec28a5
2026-05-25 11:46:18.081 | INFO    | __main__:main:484 - 正在交换机构 Token (ermLogin)...
2026-05-25 11:46:18.924 | DEBUG   | __main__:log_http_details:66 - === HTTP Request Details ===
2026-05-25 11:46:18.924 | DEBUG   | __main__:log_http_details:67 - Method: GET | URL: https://hbkjzy.qmx.chaoxing.com/pedestal/user/ermLogin
2026-05-25 11:46:18.924 | DEBUG   | __main__:log_http_details:69 - Request Headers: {'User-Agent': 'Mozilla/5.0 (iPhone; CPU iPhone OS 18_7_7 like Mac OS X) AppleWebKit/605.1.15 (KHTML, like Gecko) Mobile/15E148 (schild:c69a8a0f7107e385cfaa3a45194f99ef) (device:iPhone13,2) Language/zh-Hant com.ssreader.ChaoXingStudy/ChaoXingStudy_3_6.7.3_ios_phone_202602111700_314 (@Kalimdor)_14898949611323310882', 'Accept': 'application/json, text/plain, */*', 'Accept-Language': 'zh-CN,zh-Hans;q=0.9', 'Accept-Encoding': 'gzip, deflate, br', 'Connection': 'keep-alive', 'Referer': 'https://hbkjzy.qmx.chaoxing.com/mobile/?v=dfdec28a5'}
2026-05-25 11:46:18.924 | DEBUG   | __main__:log_http_details:74 - === HTTP Response Details ===
2026-05-25 11:46:18.924 | DEBUG   | __main__:log_http_details:75 - Status Code: 200
2026-05-25 11:46:18.924 | DEBUG   | __main__:log_http_details:76 - Response Headers: {'Date': 'Mon, 25 May 2026 11:46:18 GMT', 'Content-Type': 'application/json', 'Transfer-Encoding': 'chunked', 'Connection': 'keep-alive', 'Vary': 'Origin, Access-Control-Request-Method, Access-Control-Request-Headers', 'X-Content-Type-Options': 'nosniff', 'X-XSS-Protection': '1; mode=block', 'Cache-Control': 'no-cache, no-store, max-age=0, must-revalidate', 'Pragma': 'no-cache', 'Expires': '0'}
2026-05-25 11:46:18.925 | DEBUG   | __main__:log_http_details:77 - Response Body: {"success":true,"code":20000,"message":"成功","data":{"token":"eyJhbGciOiJIUzUxMiJ9.eyJsb2dpbl91c2VyX2tleSI6Ijc1MjFkZmU1LWM2MjEtNDE3Zi1hMWYyLWQ3OTY2Yjk4MjIwNiJ9.R_4YyBhJMVlBdZE4ZhW9f69VkvCSwEJ5AYZgZtA8T1g1DXryUBXNvsVyxw1gGUyPA9fuDj8ksX7cXRjF3kDTeg"}}
2026-05-25 11:46:18.925 | DEBUG   | __main__:log_http_details:78 - =============================
2026-05-25 11:46:18.925 | SUCCESS | __main__:main:502 - 成功获取 Token: eyJhbGciOiJIUzU...
2026-05-25 11:46:18.925 | INFO    | __main__:main:513 - 正在获取学生角色信息 (getInfox)...
2026-05-25 11:46:19.188 | SUCCESS | __main__:main:529 - 成功获取当前角色 ID: 4204d3304f78f805c890fa1b3eb10aa9
2026-05-25 11:46:19.188 | INFO    | __main__:main:537 - 正在拉取签到批次与规则数据...
2026-05-25 11:46:19.451 | DEBUG   | __main__:log_http_details:66 - === HTTP Request Details ===
2026-05-25 11:46:19.451 | DEBUG   | __main__:log_http_details:67 - Method: GET | URL: https://hbkjzy.qmx.chaoxing.com/housemaster/sg/roomCheckPunch/getStudentInfo?cqfs=1
2026-05-25 11:46:19.451 | DEBUG   | __main__:log_http_details:69 - Request Headers: {'User-Agent': 'Mozilla/5.0 (iPhone; CPU iPhone OS 18_7_7 like Mac OS X) AppleWebKit/605.1.15 (KHTML, like Gecko) Mobile/15E148 (schild:c69a8a0f7107e385cfaa3a45194f99ef) (device:iPhone13,2) Language/zh-Hant com.ssreader.ChaoXingStudy/ChaoXingStudy_3_6.7.3_ios_phone_202602111700_314 (@Kalimdor)_14898949611323310882', 'Accept': 'application/json, text/plain, */*', 'Accept-Language': 'zh-CN,zh-Hans;q=0.9', 'Accept-Encoding': 'gzip, deflate, br', 'Connection': 'keep-alive', 'Referer': 'https://hbkjzy.qmx.chaoxing.com/mobile/?v=dfdec28a5'}
2026-05-25 11:46:19.451 | DEBUG   | __main__:log_http_details:74 - === HTTP Response Details ===
2026-05-25 11:46:19.451 | DEBUG   | __main__:log_http_details:75 - Status Code: 200
2026-05-25 11:46:19.451 | DEBUG   | __main__:log_http_details:76 - Response Headers: {'Date': 'Mon, 25 May 2026 11:46:19 GMT', 'Content-Type': 'application/json', 'Transfer-Encoding': 'chunked', 'Connection': 'keep-alive', 'Vary': 'Origin, Access-Control-Request-Method, Access-Control-Request-Headers', 'X-Content-Type-Options': 'nosniff', 'X-XSS-Protection': '1; mode=block', 'Cache-Control': 'no-cache, no-store, max-age=0, must-revalidate', 'Pragma': 'no-cache', 'Expires': '0', 'Set-Cookie': 'route=47575f9f81e45f6b9dd1921a5519cf75; Path=/'}
2026-05-25 11:46:19.451 | DEBUG   | __main__:log_http_details:77 - Response Body: {"success":false,"code":20001,"message":"今日无需打卡","data":{}}
2026-05-25 11:46:19.451 | DEBUG   | __main__:log_http_details:78 - =============================
2026-05-25 11:46:19.451 | INFO    | __main__:main:550 - 今日无需打卡
2026-05-25 11:46:20.430 | DEBUG   | __main__:log_http_details:66 - === HTTP Request Details ===
2026-05-25 11:46:20.430 | DEBUG   | __main__:log_http_details:67 - Method: POST | URL: https://api.day.app/push
2026-05-25 11:46:20.430 | DEBUG   | __main__:log_http_details:71 - Request Body: {'device_key': '4BQcuEEXvfQvtDQiiwXEGU', 'title': '寝室定位打卡', 'body': '🔔 今日无需打卡', 'group': '超星自动签到'}
2026-05-25 11:46:20.430 | DEBUG   | __main__:log_http_details:74 - === HTTP Response Details ===
2026-05-25 11:46:20.430 | DEBUG   | __main__:log_http_details:75 - Status Code: 200
2026-05-25 11:46:20.430 | DEBUG   | __main__:log_http_details:76 - Response Headers: {'Server': 'nginx/1.18.0 (Ubuntu)', 'Date': 'Mon, 25 May 2026 11:46:20 GMT', 'Content-Type': 'application/json', 'Content-Length': '55', 'Connection': 'keep-alive', 'Access-Control-Allow-Origin': '*'}
2026-05-25 11:46:20.430 | DEBUG   | __main__:log_http_details:77 - Response Body: {"code":200,"message":"success","timestamp":1779709580}
2026-05-25 11:46:20.430 | DEBUG   | __main__:log_http_details:78 - =============================
2026-05-25 11:46:20.431 | SUCCESS | __main__:send_bark_notification:385 - Bark 消息推送成功
