2026-05-26 13:53:00.866 | DEBUG   | __main__:main:445 - === Running Environment Metadata ===
2026-05-26 13:53:00.866 | DEBUG   | __main__:main:446 - OS: Linux 6.17.0-1013-azure (linux)
2026-05-26 13:53:00.866 | DEBUG   | __main__:main:447 - Python Version: 3.12.13
2026-05-26 13:53:00.866 | DEBUG   | __main__:main:449 - Is GitHub Actions: True
2026-05-26 13:53:00.866 | DEBUG   | __main__:main:451 - GitHub Repository: Zropk66/cx-hubstc-sign
2026-05-26 13:53:00.866 | DEBUG   | __main__:main:452 - GitHub Workflow: ChaoXing Auto Sign
2026-05-26 13:53:00.866 | DEBUG   | __main__:main:453 - GitHub Run ID: 26434940952
2026-05-26 13:53:00.866 | DEBUG   | __main__:main:454 - =====================================
2026-05-26 13:53:00.866 | SUCCESS | __main__:main:463 - 成功读取配置文件: /home/runner/work/cx-hubstc-sign/cx-hubstc-sign/config.json
2026-05-26 13:53:00.867 | INFO    | __main__:main:477 - ============================================================
2026-05-26 13:53:00.867 | INFO    | __main__:main:478 -                           定位打卡
2026-05-26 13:53:00.867 | INFO    | __main__:main:479 - ============================================================
2026-05-26 13:53:00.867 | DEBUG   | __main__:validate_cookies:183 - 开始校验 Cookie...
2026-05-26 13:53:02.861 | SUCCESS | __main__:validate_cookies:208 - Cookie 校验成功: 用户处于登录状态
2026-05-26 13:53:02.862 | SUCCESS | __main__:main:501 - 成功加载有效 Cookie。UID: 410430135
2026-05-26 13:53:05.548 | INFO    | __main__:fetch_mobile_version:161 - 动态获取到 mobile 页面版本: dfdec28a5
2026-05-26 13:53:05.550 | INFO    | __main__:main:508 - 正在交换机构 Token (ermLogin)...
2026-05-26 13:53:06.229 | DEBUG   | __main__:log_http_details:73 - === HTTP Request Details ===
2026-05-26 13:53:06.229 | DEBUG   | __main__:log_http_details:74 - Method: GET | URL: https://hbkjzy.qmx.chaoxing.com/pedestal/user/ermLogin
2026-05-26 13:53:06.229 | DEBUG   | __main__:log_http_details:76 - Request Headers: {'User-Agent': 'Mozilla/5.0 (iPhone; CPU iPhone OS 18_7_7 like Mac OS X) AppleWebKit/605.1.15 (KHTML, like Gecko) Mobile/15E148 (schild:c69a8a0f7107e385cfaa3a45194f99ef) (device:iPhone13,2) Language/zh-Hant com.ssreader.ChaoXingStudy/ChaoXingStudy_3_6.7.3_ios_phone_202602111700_314 (@Kalimdor)_14898949611323310882', 'Accept': 'application/json, text/plain, */*', 'Accept-Language': 'zh-CN,zh-Hans;q=0.9', 'Accept-Encoding': 'gzip, deflate, br', 'Connection': 'keep-alive', 'Referer': 'https://hbkjzy.qmx.chaoxing.com/mobile/?v=dfdec28a5'}
2026-05-26 13:53:06.229 | DEBUG   | __main__:log_http_details:81 - === HTTP Response Details ===
2026-05-26 13:53:06.229 | DEBUG   | __main__:log_http_details:82 - Status Code: 200
2026-05-26 13:53:06.229 | DEBUG   | __main__:log_http_details:83 - Response Headers: {'Date': 'Tue, 26 May 2026 05:53:06 GMT', 'Content-Type': 'application/json', 'Transfer-Encoding': 'chunked', 'Connection': 'keep-alive', 'Vary': 'Origin, Access-Control-Request-Method, Access-Control-Request-Headers', 'X-Content-Type-Options': 'nosniff', 'X-XSS-Protection': '1; mode=block', 'Cache-Control': 'no-cache, no-store, max-age=0, must-revalidate', 'Pragma': 'no-cache', 'Expires': '0'}
2026-05-26 13:53:06.229 | DEBUG   | __main__:log_http_details:84 - Response Body: {"success":true,"code":20000,"message":"成功","data":{"token":"eyJhbGciOiJIUzUxMiJ9.eyJsb2dpbl91c2VyX2tleSI6Ijc1MjAzNzUxLWVmNzktNDRlNi1iNDc4LTBiMjBhN2M0NGZmNCJ9.0x8NZIyRQoqXzuCqM2G20EqpydaFnC9Ie4uBoMSh2Isfs4FDjDofQK77MVqmwD25xbjeEuYFfexVRBXpO3IT-g"}}
2026-05-26 13:53:06.229 | DEBUG   | __main__:log_http_details:85 - =============================
2026-05-26 13:53:06.229 | SUCCESS | __main__:main:526 - 成功获取 Token: eyJhbGciOiJIUzU...
2026-05-26 13:53:06.229 | INFO    | __main__:main:535 - 正在获取学生角色信息 (getInfox)...
2026-05-26 13:53:06.454 | SUCCESS | __main__:main:550 - 成功获取当前角色 ID: 4204d3304f78f805c890fa1b3eb10aa9
2026-05-26 13:53:06.454 | INFO    | __main__:main:557 - 正在拉取签到批次与规则数据...
2026-05-26 13:53:06.683 | DEBUG   | __main__:log_http_details:73 - === HTTP Request Details ===
2026-05-26 13:53:06.683 | DEBUG   | __main__:log_http_details:74 - Method: GET | URL: https://hbkjzy.qmx.chaoxing.com/housemaster/sg/roomCheckPunch/getStudentInfo?cqfs=1
2026-05-26 13:53:06.683 | DEBUG   | __main__:log_http_details:76 - Request Headers: {'User-Agent': 'Mozilla/5.0 (iPhone; CPU iPhone OS 18_7_7 like Mac OS X) AppleWebKit/605.1.15 (KHTML, like Gecko) Mobile/15E148 (schild:c69a8a0f7107e385cfaa3a45194f99ef) (device:iPhone13,2) Language/zh-Hant com.ssreader.ChaoXingStudy/ChaoXingStudy_3_6.7.3_ios_phone_202602111700_314 (@Kalimdor)_14898949611323310882', 'Accept': 'application/json, text/plain, */*', 'Accept-Language': 'zh-CN,zh-Hans;q=0.9', 'Accept-Encoding': 'gzip, deflate, br', 'Connection': 'keep-alive', 'Referer': 'https://hbkjzy.qmx.chaoxing.com/mobile/?v=dfdec28a5'}
2026-05-26 13:53:06.683 | DEBUG   | __main__:log_http_details:81 - === HTTP Response Details ===
2026-05-26 13:53:06.683 | DEBUG   | __main__:log_http_details:82 - Status Code: 200
2026-05-26 13:53:06.683 | DEBUG   | __main__:log_http_details:83 - Response Headers: {'Date': 'Tue, 26 May 2026 05:53:06 GMT', 'Content-Type': 'application/json', 'Transfer-Encoding': 'chunked', 'Connection': 'keep-alive', 'Vary': 'Origin, Access-Control-Request-Method, Access-Control-Request-Headers', 'X-Content-Type-Options': 'nosniff', 'X-XSS-Protection': '1; mode=block', 'Cache-Control': 'no-cache, no-store, max-age=0, must-revalidate', 'Pragma': 'no-cache', 'Expires': '0', 'Set-Cookie': 'route=b1c2a11131f3a8121257834d5d90d09a; Path=/'}
2026-05-26 13:53:06.683 | DEBUG   | __main__:log_http_details:84 - Response Body: {"success":false,"code":20001,"message":"未到查寝时间（2026-05-26 21:30--2026-05-26 22:50）","data":{}}
2026-05-26 13:53:06.683 | DEBUG   | __main__:log_http_details:85 - =============================
2026-05-26 13:53:06.683 | INFO    | __main__:main:569 - 未到查寝时间（2026-05-26 21:30--2026-05-26 22:50）
2026-05-26 13:53:07.593 | DEBUG   | __main__:log_http_details:73 - === HTTP Request Details ===
2026-05-26 13:53:07.593 | DEBUG   | __main__:log_http_details:74 - Method: POST | URL: https://api.day.app/push
2026-05-26 13:53:07.593 | DEBUG   | __main__:log_http_details:78 - Request Body: {'device_key': '4BQcuEEXvfQvtDQiiwXEGU', 'title': '寝室定位打卡', 'body': '🔔 未到查寝时间（2026-05-26 21:30--2026-05-26 22:50）', 'group': '超星自动签到'}
2026-05-26 13:53:07.593 | DEBUG   | __main__:log_http_details:81 - === HTTP Response Details ===
2026-05-26 13:53:07.593 | DEBUG   | __main__:log_http_details:82 - Status Code: 200
2026-05-26 13:53:07.593 | DEBUG   | __main__:log_http_details:83 - Response Headers: {'Server': 'nginx/1.18.0 (Ubuntu)', 'Date': 'Tue, 26 May 2026 05:53:07 GMT', 'Content-Type': 'application/json', 'Content-Length': '55', 'Connection': 'keep-alive', 'Access-Control-Allow-Origin': '*'}
2026-05-26 13:53:07.593 | DEBUG   | __main__:log_http_details:84 - Response Body: {"code":200,"message":"success","timestamp":1779774787}
2026-05-26 13:53:07.593 | DEBUG   | __main__:log_http_details:85 - =============================
2026-05-26 13:53:07.594 | SUCCESS | __main__:send_bark_notification:401 - Bark 消息推送成功

