2026-05-27 16:39:56.173 | DEBUG   | __main__:main:479 - === Running Environment Metadata ===
2026-05-27 16:39:56.173 | DEBUG   | __main__:main:480 - OS: Linux 6.17.0-1013-azure (linux)
2026-05-27 16:39:56.173 | DEBUG   | __main__:main:481 - Python Version: 3.12.13
2026-05-27 16:39:56.174 | DEBUG   | __main__:main:483 - Is GitHub Actions: True
2026-05-27 16:39:56.174 | DEBUG   | __main__:main:485 - GitHub Repository: Zropk66/cx-hubstc-sign
2026-05-27 16:39:56.174 | DEBUG   | __main__:main:486 - GitHub Workflow: ChaoXing Auto Sign
2026-05-27 16:39:56.174 | DEBUG   | __main__:main:487 - GitHub Run ID: 26500555285
2026-05-27 16:39:56.174 | DEBUG   | __main__:main:488 - =====================================
2026-05-27 16:39:56.174 | SUCCESS | __main__:main:497 - 成功读取配置文件: /home/runner/work/cx-hubstc-sign/cx-hubstc-sign/config.json
2026-05-27 16:39:56.174 | INFO    | __main__:main:517 - ============================================================
2026-05-27 16:39:56.174 | INFO    | __main__:main:518 -                           定位打卡
2026-05-27 16:39:56.174 | INFO    | __main__:main:519 - ============================================================
2026-05-27 16:39:56.174 | DEBUG   | __main__:validate_cookies:185 - 开始校验 Cookie...
2026-05-27 16:39:57.576 | SUCCESS | __main__:validate_cookies:210 - Cookie 校验成功: 用户处于登录状态
2026-05-27 16:39:57.577 | SUCCESS | __main__:main:546 - 成功加载有效 Cookie。UID: 410430135
2026-05-27 16:40:02.609 | INFO    | __main__:fetch_mobile_version:163 - 动态获取到 mobile 页面版本: dfdec28a5
2026-05-27 16:40:02.611 | INFO    | __main__:main:553 - 正在交换机构 Token (ermLogin)...
2026-05-27 16:40:03.457 | DEBUG   | __main__:log_http_details:75 - === HTTP Request Details ===
2026-05-27 16:40:03.458 | DEBUG   | __main__:log_http_details:76 - Method: GET | URL: https://hbkjzy.qmx.chaoxing.com/pedestal/user/ermLogin
2026-05-27 16:40:03.458 | DEBUG   | __main__:log_http_details:78 - Request Headers: {'User-Agent': 'Mozilla/5.0 (iPhone; CPU iPhone OS 18_7_7 like Mac OS X) AppleWebKit/605.1.15 (KHTML, like Gecko) Mobile/15E148 (schild:c69a8a0f7107e385cfaa3a45194f99ef) (device:iPhone13,2) Language/zh-Hant com.ssreader.ChaoXingStudy/ChaoXingStudy_3_6.7.3_ios_phone_202602111700_314 (@Kalimdor)_14898949611323310882', 'Accept': 'application/json, text/plain, */*', 'Accept-Language': 'zh-CN,zh-Hans;q=0.9', 'Accept-Encoding': 'gzip, deflate, br', 'Connection': 'keep-alive', 'Referer': 'https://hbkjzy.qmx.chaoxing.com/mobile/?v=dfdec28a5'}
2026-05-27 16:40:03.458 | DEBUG   | __main__:log_http_details:83 - === HTTP Response Details ===
2026-05-27 16:40:03.458 | DEBUG   | __main__:log_http_details:84 - Status Code: 200
2026-05-27 16:40:03.458 | DEBUG   | __main__:log_http_details:85 - Response Headers: {'Date': 'Wed, 27 May 2026 08:40:03 GMT', 'Content-Type': 'application/json', 'Transfer-Encoding': 'chunked', 'Connection': 'keep-alive', 'Vary': 'Origin, Access-Control-Request-Method, Access-Control-Request-Headers', 'X-Content-Type-Options': 'nosniff', 'X-XSS-Protection': '1; mode=block', 'Cache-Control': 'no-cache, no-store, max-age=0, must-revalidate', 'Pragma': 'no-cache', 'Expires': '0'}
2026-05-27 16:40:03.458 | DEBUG   | __main__:log_http_details:86 - Response Body: {"success":true,"code":20000,"message":"成功","data":{"token":"eyJhbGciOiJIUzUxMiJ9.eyJsb2dpbl91c2VyX2tleSI6IjE2MTgwNzE3LTdmNmEtNDUyYi1iZTY0LTJiMDlmMDcwNDNhNSJ9.10NzloAVShcWG6dPBOONeDUOQqpguJQwbs1EYPE1ego6vQ20rIuRyqaPADR9mcvqURk2myc_y4PIYHTfS_UiUA"}}
2026-05-27 16:40:03.458 | DEBUG   | __main__:log_http_details:87 - =============================
2026-05-27 16:40:03.458 | SUCCESS | __main__:main:571 - 成功获取 Token: eyJhbGciOiJIUzU...
2026-05-27 16:40:03.458 | INFO    | __main__:main:580 - 正在获取学生角色信息 (getInfox)...
2026-05-27 16:40:03.715 | SUCCESS | __main__:main:595 - 成功获取当前角色 ID: 4204d3304f78f805c890fa1b3eb10aa9
2026-05-27 16:40:03.715 | INFO    | __main__:main:602 - 正在拉取签到批次与规则数据...
2026-05-27 16:40:03.979 | DEBUG   | __main__:log_http_details:75 - === HTTP Request Details ===
2026-05-27 16:40:03.979 | DEBUG   | __main__:log_http_details:76 - Method: GET | URL: https://hbkjzy.qmx.chaoxing.com/housemaster/sg/roomCheckPunch/getStudentInfo?cqfs=1
2026-05-27 16:40:03.980 | DEBUG   | __main__:log_http_details:78 - Request Headers: {'User-Agent': 'Mozilla/5.0 (iPhone; CPU iPhone OS 18_7_7 like Mac OS X) AppleWebKit/605.1.15 (KHTML, like Gecko) Mobile/15E148 (schild:c69a8a0f7107e385cfaa3a45194f99ef) (device:iPhone13,2) Language/zh-Hant com.ssreader.ChaoXingStudy/ChaoXingStudy_3_6.7.3_ios_phone_202602111700_314 (@Kalimdor)_14898949611323310882', 'Accept': 'application/json, text/plain, */*', 'Accept-Language': 'zh-CN,zh-Hans;q=0.9', 'Accept-Encoding': 'gzip, deflate, br', 'Connection': 'keep-alive', 'Referer': 'https://hbkjzy.qmx.chaoxing.com/mobile/?v=dfdec28a5'}
2026-05-27 16:40:03.980 | DEBUG   | __main__:log_http_details:83 - === HTTP Response Details ===
2026-05-27 16:40:03.980 | DEBUG   | __main__:log_http_details:84 - Status Code: 200
2026-05-27 16:40:03.980 | DEBUG   | __main__:log_http_details:85 - Response Headers: {'Date': 'Wed, 27 May 2026 08:40:03 GMT', 'Content-Type': 'application/json', 'Transfer-Encoding': 'chunked', 'Connection': 'keep-alive', 'Vary': 'Origin, Access-Control-Request-Method, Access-Control-Request-Headers', 'X-Content-Type-Options': 'nosniff', 'X-XSS-Protection': '1; mode=block', 'Cache-Control': 'no-cache, no-store, max-age=0, must-revalidate', 'Pragma': 'no-cache', 'Expires': '0', 'Set-Cookie': 'route=a80aeebfb183ba49046fce88e105506a; Path=/'}
2026-05-27 16:40:03.980 | DEBUG   | __main__:log_http_details:86 - Response Body: {"success":false,"code":20001,"message":"今日无需打卡","data":{}}
2026-05-27 16:40:03.980 | DEBUG   | __main__:log_http_details:87 - =============================
2026-05-27 16:40:03.980 | INFO    | __main__:main:614 - 今日无需打卡
2026-05-27 16:40:04.986 | DEBUG   | __main__:log_http_details:75 - === HTTP Request Details ===
2026-05-27 16:40:04.986 | DEBUG   | __main__:log_http_details:76 - Method: POST | URL: https://api.day.app/push
2026-05-27 16:40:04.986 | DEBUG   | __main__:log_http_details:80 - Request Body: {'device_key': '4BQcuEEXvfQvtDQiiwXEGU', 'title': '寝室定位打卡', 'body': '🔔 今日无需打卡', 'group': '超星自动签到'}
2026-05-27 16:40:04.986 | DEBUG   | __main__:log_http_details:83 - === HTTP Response Details ===
2026-05-27 16:40:04.986 | DEBUG   | __main__:log_http_details:84 - Status Code: 200
2026-05-27 16:40:04.986 | DEBUG   | __main__:log_http_details:85 - Response Headers: {'Server': 'nginx/1.18.0 (Ubuntu)', 'Date': 'Wed, 27 May 2026 08:40:04 GMT', 'Content-Type': 'application/json', 'Content-Length': '55', 'Connection': 'keep-alive', 'Access-Control-Allow-Origin': '*'}
2026-05-27 16:40:04.986 | DEBUG   | __main__:log_http_details:86 - Response Body: {"code":200,"message":"success","timestamp":1779871204}
2026-05-27 16:40:04.986 | DEBUG   | __main__:log_http_details:87 - =============================
2026-05-27 16:40:04.987 | SUCCESS | __main__:send_bark_notification:403 - Bark 消息推送成功
2026-05-27 16:40:04.987 | INFO    | __main__:<module>:800 - ============================================================
2026-05-27 16:40:04.987 | INFO    | __main__:<module>:801 -                       打卡流程执行完毕
2026-05-27 16:40:04.987 | INFO    | __main__:<module>:803 - 本次运行共耗时: 0:00:08.814584
2026-05-27 16:40:04.987 | INFO    | __main__:<module>:804 - ============================================================
